Archive member included to satisfy reference by file (symbol)

c:/st/stm32cubeide_1.8.0/stm32cubeide/plugins/com.st.stm32cube.ide.mcu.externaltools.gnu-tools-for-stm32.9-2020-q2-update.win32_2.0.0.202105311346/tools/bin/../lib/gcc/arm-none-eabi/9.3.1/../../../../arm-none-eabi/lib/thumb/v7e-m+fp/hard\libc_nano.a(lib_a-errno.o)
                              ./Core/Src/syscalls.o (__errno)
c:/st/stm32cubeide_1.8.0/stm32cubeide/plugins/com.st.stm32cube.ide.mcu.externaltools.gnu-tools-for-stm32.9-2020-q2-update.win32_2.0.0.202105311346/tools/bin/../lib/gcc/arm-none-eabi/9.3.1/../../../../arm-none-eabi/lib/thumb/v7e-m+fp/hard\libc_nano.a(lib_a-exit.o)
                              c:/st/stm32cubeide_1.8.0/stm32cubeide/plugins/com.st.stm32cube.ide.mcu.externaltools.gnu-tools-for-stm32.9-2020-q2-update.win32_2.0.0.202105311346/tools/bin/../lib/gcc/arm-none-eabi/9.3.1/../../../../arm-none-eabi/lib/thumb/v7e-m+fp/hard/crt0.o (exit)
c:/st/stm32cubeide_1.8.0/stm32cubeide/plugins/com.st.stm32cube.ide.mcu.externaltools.gnu-tools-for-stm32.9-2020-q2-update.win32_2.0.0.202105311346/tools/bin/../lib/gcc/arm-none-eabi/9.3.1/../../../../arm-none-eabi/lib/thumb/v7e-m+fp/hard\libc_nano.a(lib_a-findfp.o)
                              ./Middlewares/Third_Party/FreeRTOS/Source/tasks.o (__sf_fake_stderr)
c:/st/stm32cubeide_1.8.0/stm32cubeide/plugins/com.st.stm32cube.ide.mcu.externaltools.gnu-tools-for-stm32.9-2020-q2-update.win32_2.0.0.202105311346/tools/bin/../lib/gcc/arm-none-eabi/9.3.1/../../../../arm-none-eabi/lib/thumb/v7e-m+fp/hard\libc_nano.a(lib_a-fwalk.o)
                              c:/st/stm32cubeide_1.8.0/stm32cubeide/plugins/com.st.stm32cube.ide.mcu.externaltools.gnu-tools-for-stm32.9-2020-q2-update.win32_2.0.0.202105311346/tools/bin/../lib/gcc/arm-none-eabi/9.3.1/../../../../arm-none-eabi/lib/thumb/v7e-m+fp/hard\libc_nano.a(lib_a-findfp.o) (_fwalk)
c:/st/stm32cubeide_1.8.0/stm32cubeide/plugins/com.st.stm32cube.ide.mcu.externaltools.gnu-tools-for-stm32.9-2020-q2-update.win32_2.0.0.202105311346/tools/bin/../lib/gcc/arm-none-eabi/9.3.1/../../../../arm-none-eabi/lib/thumb/v7e-m+fp/hard\libc_nano.a(lib_a-impure.o)
                              c:/st/stm32cubeide_1.8.0/stm32cubeide/plugins/com.st.stm32cube.ide.mcu.externaltools.gnu-tools-for-stm32.9-2020-q2-update.win32_2.0.0.202105311346/tools/bin/../lib/gcc/arm-none-eabi/9.3.1/../../../../arm-none-eabi/lib/thumb/v7e-m+fp/hard\libc_nano.a(lib_a-exit.o) (_global_impure_ptr)
c:/st/stm32cubeide_1.8.0/stm32cubeide/plugins/com.st.stm32cube.ide.mcu.externaltools.gnu-tools-for-stm32.9-2020-q2-update.win32_2.0.0.202105311346/tools/bin/../lib/gcc/arm-none-eabi/9.3.1/../../../../arm-none-eabi/lib/thumb/v7e-m+fp/hard\libc_nano.a(lib_a-init.o)
                              c:/st/stm32cubeide_1.8.0/stm32cubeide/plugins/com.st.stm32cube.ide.mcu.externaltools.gnu-tools-for-stm32.9-2020-q2-update.win32_2.0.0.202105311346/tools/bin/../lib/gcc/arm-none-eabi/9.3.1/../../../../arm-none-eabi/lib/thumb/v7e-m+fp/hard/crt0.o (__libc_init_array)
c:/st/stm32cubeide_1.8.0/stm32cubeide/plugins/com.st.stm32cube.ide.mcu.externaltools.gnu-tools-for-stm32.9-2020-q2-update.win32_2.0.0.202105311346/tools/bin/../lib/gcc/arm-none-eabi/9.3.1/../../../../arm-none-eabi/lib/thumb/v7e-m+fp/hard\libc_nano.a(lib_a-lock.o)
                              c:/st/stm32cubeide_1.8.0/stm32cubeide/plugins/com.st.stm32cube.ide.mcu.externaltools.gnu-tools-for-stm32.9-2020-q2-update.win32_2.0.0.202105311346/tools/bin/../lib/gcc/arm-none-eabi/9.3.1/../../../../arm-none-eabi/lib/thumb/v7e-m+fp/hard\libc_nano.a(lib_a-findfp.o) (__retarget_lock_init_recursive)
c:/st/stm32cubeide_1.8.0/stm32cubeide/plugins/com.st.stm32cube.ide.mcu.externaltools.gnu-tools-for-stm32.9-2020-q2-update.win32_2.0.0.202105311346/tools/bin/../lib/gcc/arm-none-eabi/9.3.1/../../../../arm-none-eabi/lib/thumb/v7e-m+fp/hard\libc_nano.a(lib_a-memcpy-stub.o)
                              ./Middlewares/Third_Party/FreeRTOS/Source/queue.o (memcpy)
c:/st/stm32cubeide_1.8.0/stm32cubeide/plugins/com.st.stm32cube.ide.mcu.externaltools.gnu-tools-for-stm32.9-2020-q2-update.win32_2.0.0.202105311346/tools/bin/../lib/gcc/arm-none-eabi/9.3.1/../../../../arm-none-eabi/lib/thumb/v7e-m+fp/hard\libc_nano.a(lib_a-memset.o)
                              c:/st/stm32cubeide_1.8.0/stm32cubeide/plugins/com.st.stm32cube.ide.mcu.externaltools.gnu-tools-for-stm32.9-2020-q2-update.win32_2.0.0.202105311346/tools/bin/../lib/gcc/arm-none-eabi/9.3.1/../../../../arm-none-eabi/lib/thumb/v7e-m+fp/hard/crt0.o (memset)
c:/st/stm32cubeide_1.8.0/stm32cubeide/plugins/com.st.stm32cube.ide.mcu.externaltools.gnu-tools-for-stm32.9-2020-q2-update.win32_2.0.0.202105311346/tools/bin/../lib/gcc/arm-none-eabi/9.3.1/../../../../arm-none-eabi/lib/thumb/v7e-m+fp/hard\libc_nano.a(lib_a-nano-mallocr.o)
[...]
Memory Configuration

Name             Origin             Length             Attributes
CCMRAM           0x0000000010000000 0x0000000000010000 xrw
RAM              0x0000000020000000 0x0000000000020000 xrw
FLASH            0x0000000008000000 0x0000000000100000 xr
*default*        0x0000000000000000 0xffffffffffffffff

Linker script and memory map

LOAD c:/st/stm32cubeide_1.8.0/stm32cubeide/plugins/com.st.stm32cube.ide.mcu.externaltools.gnu-tools-for-stm32.9-2020-q2-update.win32_2.0.0.202105311346/tools/bin/../lib/gcc/arm-none-eabi/9.3.1/thumb/v7e-m+fp/hard/crti.o
LOAD c:/st/stm32cubeide_1.8.0/stm32cubeide/plugins/com.st.stm32cube.ide.mcu.externaltools.gnu-tools-for-stm32.9-2020-q2-update.win32_2.0.0.202105311346/tools/bin/../lib/gcc/arm-none-eabi/9.3.1/thumb/v7e-m+fp/hard/crtbegin.o
LOAD c:/st/stm32cubeide_1.8.0/stm32cubeide/plugins/com.st.stm32cube.ide.mcu.externaltools.gnu-tools-for-stm32.9-2020-q2-update.win32_2.0.0.202105311346/tools/bin/../lib/gcc/arm-none-eabi/9.3.1/../../../../arm-none-eabi/lib/thumb/v7e-m+fp/hard/crt0.o
LOAD ./Core/Src/freertos.o
LOAD ./Core/Src/main.o
LOAD ./Core/Src/stm32f4xx_hal_msp.o
LOAD ./Core/Src/stm32f4xx_hal_timebase_tim.o
LOAD ./Core/Src/stm32f4xx_it.o
LOAD ./Core/Src/syscalls.o
LOAD ./Core/Src/sysmem.o
LOAD ./Core/Src/system_stm32f4xx.o
LOAD ./Core/Startup/startup_stm32f407igtx.o
LOAD ./Drivers/STM32F4xx_HAL_Driver/Src/stm32f4xx_hal.o
LOAD ./Drivers/STM32F4xx_HAL_Driver/Src/stm32f4xx_hal_cortex.o
LOAD ./Drivers/STM32F4xx_HAL_Driver/Src/stm32f4xx_hal_dma.o
LOAD ./Drivers/STM32F4xx_HAL_Driver/Src/stm32f4xx_hal_dma_ex.o
LOAD ./Drivers/STM32F4xx_HAL_Driver/Src/stm32f4xx_hal_exti.o
LOAD ./Drivers/STM32F4xx_HAL_Driver/Src/stm32f4xx_hal_flash.o
LOAD ./Drivers/STM32F4xx_HAL_Driver/Src/stm32f4xx_hal_flash_ex.o
LOAD ./Drivers/STM32F4xx_HAL_Driver/Src/stm32f4xx_hal_flash_ramfunc.o
LOAD ./Drivers/STM32F4xx_HAL_Driver/Src/stm32f4xx_hal_gpio.o
LOAD ./Drivers/STM32F4xx_HAL_Driver/Src/stm32f4xx_hal_iwdg.o
LOAD ./Drivers/STM32F4xx_HAL_Driver/Src/stm32f4xx_hal_pwr.o
LOAD ./Drivers/STM32F4xx_HAL_Driver/Src/stm32f4xx_hal_pwr_ex.o
LOAD ./Drivers/STM32F4xx_HAL_Driver/Src/stm32f4xx_hal_rcc.o
LOAD ./Drivers/STM32F4xx_HAL_Driver/Src/stm32f4xx_hal_rcc_ex.o
LOAD ./Drivers/STM32F4xx_HAL_Driver/Src/stm32f4xx_hal_rtc.o
LOAD ./Drivers/STM32F4xx_HAL_Driver/Src/stm32f4xx_hal_rtc_ex.o
LOAD ./Drivers/STM32F4xx_HAL_Driver/Src/stm32f4xx_hal_spi.o
LOAD ./Drivers/STM32F4xx_HAL_Driver/Src/stm32f4xx_hal_tim.o
LOAD ./Drivers/STM32F4xx_HAL_Driver/Src/stm32f4xx_hal_tim_ex.o
LOAD ./Drivers/STM32F4xx_HAL_Driver/Src/stm32f4xx_hal_uart.o
LOAD ./Middlewares/Third_Party/FreeRTOS/Source/CMSIS_RTOS/cmsis_os.o
LOAD ./Middlewares/Third_Party/FreeRTOS/Source/croutine.o
LOAD ./Middlewares/Third_Party/FreeRTOS/Source/event_groups.o
LOAD ./Middlewares/Third_Party/FreeRTOS/Source/list.o
LOAD ./Middlewares/Third_Party/FreeRTOS/Source/queue.o
LOAD ./Middlewares/Third_Party/FreeRTOS/Source/stream_buffer.o
LOAD ./Middlewares/Third_Party/FreeRTOS/Source/tasks.o
LOAD ./Middlewares/Third_Party/FreeRTOS/Source/timers.o
LOAD ./Middlewares/Third_Party/FreeRTOS/Source/portable/GCC/ARM_CM4F/port.o
LOAD ./Middlewares/Third_Party/FreeRTOS/Source/portable/MemMang/heap_4.o
LOAD ./User/ArmingTask.o
LOAD ./User/CallRingCenteerTask.o
LOAD ./User/DisplayTask.o
LOAD ./User/EventWriteTask.o
LOAD ./User/IbuttonTask.o
LOAD ./User/LedTask .o
LOAD ./User/M95Task.o
LOAD ./User/MainTask.o
LOAD ./User/MeterTask.o
LOAD ./User/ModbusPacketTask.o
LOAD ./User/ModbusTask.o
LOAD ./User/My.o
LOAD ./User/ReadRegistersTask.o
LOAD ./User/SecurityTask.o
LOAD ./User/ce303.o
LOAD ./User/da04_11gwa.o
LOAD ./User/fm25v02.o
LOAD ./User/gpio.o
LOAD ./User/ibutton.o
LOAD ./User/m95.o
LOAD ./User/modbus.o
START GROUP
LOAD c:/st/stm32cubeide_1.8.0/stm32cubeide/plugins/com.st.stm32cube.ide.mcu.externaltools.gnu-tools-for-stm32.9-2020-q2-update.win32_2.0.0.202105311346/tools/bin/../lib/gcc/arm-none-eabi/9.3.1/../../../../arm-none-eabi/lib/thumb/v7e-m+fp/hard\libc_nano.a
LOAD c:/st/stm32cubeide_1.8.0/stm32cubeide/plugins/com.st.stm32cube.ide.mcu.externaltools.gnu-tools-for-stm32.9-2020-q2-update.win32_2.0.0.202105311346/tools/bin/../lib/gcc/arm-none-eabi/9.3.1/../../../../arm-none-eabi/lib/thumb/v7e-m+fp/hard\libm.a
END GROUP
START GROUP
LOAD c:/st/stm32cubeide_1.8.0/stm32cubeide/plugins/com.st.stm32cube.ide.mcu.externaltools.gnu-tools-for-stm32.9-2020-q2-update.win32_2.0.0.202105311346/tools/bin/../lib/gcc/arm-none-eabi/9.3.1/thumb/v7e-m+fp/hard\libgcc.a
LOAD c:/st/stm32cubeide_1.8.0/stm32cubeide/plugins/com.st.stm32cube.ide.mcu.externaltools.gnu-tools-for-stm32.9-2020-q2-update.win32_2.0.0.202105311346/tools/bin/../lib/gcc/arm-none-eabi/9.3.1/../../../../arm-none-eabi/lib/thumb/v7e-m+fp/hard\libc_nano.a
END GROUP
START GROUP
LOAD c:/st/stm32cubeide_1.8.0/stm32cubeide/plugins/com.st.stm32cube.ide.mcu.externaltools.gnu-tools-for-stm32.9-2020-q2-update.win32_2.0.0.202105311346/tools/bin/../lib/gcc/arm-none-eabi/9.3.1/thumb/v7e-m+fp/hard\libgcc.a
LOAD c:/st/stm32cubeide_1.8.0/stm32cubeide/plugins/com.st.stm32cube.ide.mcu.externaltools.gnu-tools-for-stm32.9-2020-q2-update.win32_2.0.0.202105311346/tools/bin/../lib/gcc/arm-none-eabi/9.3.1/../../../../arm-none-eabi/lib/thumb/v7e-m+fp/hard\libc_nano.a
LOAD c:/st/stm32cubeide_1.8.0/stm32cubeide/plugins/com.st.stm32cube.ide.mcu.externaltools.gnu-tools-for-stm32.9-2020-q2-update.win32_2.0.0.202105311346/tools/bin/../lib/gcc/arm-none-eabi/9.3.1/../../../../arm-none-eabi/lib/thumb/v7e-m+fp/hard\libnosys.a
END GROUP
START GROUP
LOAD c:/st/stm32cubeide_1.8.0/stm32cubeide/plugins/com.st.stm32cube.ide.mcu.externaltools.gnu-tools-for-stm32.9-2020-q2-update.win32_2.0.0.202105311346/tools/bin/../lib/gcc/arm-none-eabi/9.3.1/thumb/v7e-m+fp/hard\libgcc.a
LOAD c:/st/stm32cubeide_1.8.0/stm32cubeide/plugins/com.st.stm32cube.ide.mcu.externaltools.gnu-tools-for-stm32.9-2020-q2-update.win32_2.0.0.202105311346/tools/bin/../lib/gcc/arm-none-eabi/9.3.1/../../../../arm-none-eabi/lib/thumb/v7e-m+fp/hard\libc_nano.a
LOAD c:/st/stm32cubeide_1.8.0/stm32cubeide/plugins/com.st.stm32cube.ide.mcu.externaltools.gnu-tools-for-stm32.9-2020-q2-update.win32_2.0.0.202105311346/tools/bin/../lib/gcc/arm-none-eabi/9.3.1/../../../../arm-none-eabi/lib/thumb/v7e-m+fp/hard\libnosys.a
END GROUP
LOAD c:/st/stm32cubeide_1.8.0/stm32cubeide/plugins/com.st.stm32cube.ide.mcu.externaltools.gnu-tools-for-stm32.9-2020-q2-update.win32_2.0.0.202105311346/tools/bin/../lib/gcc/arm-none-eabi/9.3.1/thumb/v7e-m+fp/hard/crtend.o
LOAD c:/st/stm32cubeide_1.8.0/stm32cubeide/plugins/com.st.stm32cube.ide.mcu.externaltools.gnu-tools-for-stm32.9-2020-q2-update.win32_2.0.0.202105311346/tools/bin/../lib/gcc/arm-none-eabi/9.3.1/thumb/v7e-m+fp/hard/crtn.o
                0x0000000020020000                _estack = (ORIGIN (RAM) + LENGTH (RAM))
                0x0000000000000200                _Min_Heap_Size = 0x200
                0x0000000000000400                _Min_Stack_Size = 0x400

.isr_vector     0x0000000008000000      0x188
                0x0000000008000000                . = ALIGN (0x4)
 *(.isr_vector)
 .isr_vector    0x0000000008000000      0x188 ./Core/Startup/startup_stm32f407igtx.o
                0x0000000008000000                g_pfnVectors
                0x0000000008000188                . = ALIGN (0x4)

.text           0x0000000008000190    0x2d938
                0x0000000008000190                . = ALIGN (0x4)
 *(.text)
 .text          0x0000000008000190       0x40 c:/st/stm32cubeide_1.8.0/stm32cubeide/plugins/com.st.stm32cube.ide.mcu.externaltools.gnu-tools-for-stm32.9-2020-q2-update.win32_2.0.0.202105311346/tools/bin/../lib/gcc/arm-none-eabi/9.3.1/thumb/v7e-m+fp/hard/crtbegin.o
 .text          0x00000000080001d0       0x10 c:/st/stm32cubeide_1.8.0/stm32cubeide/plugins/com.st.stm32cube.ide.mcu.externaltools.gnu-tools-for-stm32.9-2020-q2-update.win32_2.0.0.202105311346/tools/bin/../lib/gcc/arm-none-eabi/9.3.1/../../../../arm-none-eabi/lib/thumb/v7e-m+fp/hard\libc_nano.a(lib_a-strlen.o)
                0x00000000080001d0                strlen
 .text          0x00000000080001e0       0xa0 c:/st/stm32cubeide_1.8.0/stm32cubeide/plugins/com.st.stm32cube.ide.mcu.externaltools.gnu-tools-for-stm32.9-2020-q2-update.win32_2.0.0.202105311346/tools/bin/../lib/gcc/arm-none-eabi/9.3.1/../../../../arm-none-eabi/lib/thumb/v7e-m+fp/hard\libc_nano.a(lib_a-memchr.o)
                0x00000000080001e0                memchr
 .text          0x0000000008000280       0x30 c:/st/stm32cubeide_1.8.0/stm32cubeide/plugins/com.st.stm32cube.ide.mcu.externaltools.gnu-tools-for-stm32.9-2020-q2-update.win32_2.0.0.202105311346/tools/bin/../lib/gcc/arm-none-eabi/9.3.1/thumb/v7e-m+fp/hard\libgcc.a(_aeabi_uldivmod.o)
                0x0000000008000280                __aeabi_uldivmod
 .text          0x00000000080002b0      0x2c4 c:/st/stm32cubeide_1.8.0/stm32cubeide/plugins/com.st.stm32cube.ide.mcu.externaltools.gnu-tools-for-stm32.9-2020-q2-update.win32_2.0.0.202105311346/tools/bin/../lib/gcc/arm-none-eabi/9.3.1/thumb/v7e-m+fp/hard\libgcc.a(_udivmoddi4.o)
                0x00000000080002b0                __udivmoddi4
 .text          0x0000000008000574        0x4 c:/st/stm32cubeide_1.8.0/stm32cubeide/plugins/com.st.stm32cube.ide.mcu.externaltools.gnu-tools-for-stm32.9-2020-q2-update.win32_2.0.0.202105311346/tools/bin/../lib/gcc/arm-none-eabi/9.3.1/thumb/v7e-m+fp/hard\libgcc.a(_dvmd_tls.o)
                0x0000000008000574                __aeabi_idiv0
                0x0000000008000574                __aeabi_ldiv0
 *(.text*)
 .text.vApplicationGetIdleTaskMemory
                0x0000000008000578       0x34 ./Core/Src/freertos.o
                0x0000000008000578                vApplicationGetIdleTaskMemory
 .text.vApplicationGetTimerTaskMemory
                0x00000000080005ac       0x34 ./Core/Src/freertos.o
                0x00000000080005ac                vApplicationGetTimerTaskMemory
 .text.__NVIC_SystemReset
                0x00000000080005e0       0x2c ./Core/Src/main.o
 .text.HAL_UART_TxCpltCallback
                0x000000000800060c       0x6c ./Core/Src/main.o
                0x000000000800060c                HAL_UART_TxCpltCallback
 .text.HAL_UART_RxCpltCallback
                0x0000000008000678       0xc4 ./Core/Src/main.o
                0x0000000008000678                HAL_UART_RxCpltCallback
 .text.main     0x000000000800073c      0x460 ./Core/Src/main.o
                0x000000000800073c                main
 .text.SystemClock_Config
                0x0000000008000b9c       0xdc ./Core/Src/main.o
                0x0000000008000b9c                SystemClock_Config
 .text.MX_IWDG_Init
                0x0000000008000c78       0x2c ./Core/Src/main.o
 .text.MX_RTC_Init
                0x0000000008000ca4       0x88 ./Core/Src/main.o
 .text.MX_SPI2_Init
                0x0000000008000d2c       0x6c ./Core/Src/main.o
 .text.MX_TIM2_Init
                0x0000000008000d98       0x98 ./Core/Src/main.o
 .text.MX_USART1_UART_Init
                0x0000000008000e30       0x54 ./Core/Src/main.o
 .text.MX_USART3_UART_Init
                0x0000000008000e84       0x54 ./Core/Src/main.o
 .text.MX_USART6_UART_Init
                0x0000000008000ed8       0x54 ./Core/Src/main.o
 .text.MX_DMA_Init
                0x0000000008000f2c       0x8c ./Core/Src/main.o
 .text.MX_GPIO_Init
                0x0000000008000fb8      0x370 ./Core/Src/main.o
 .text.Callback_AT_Timer
                0x0000000008001328       0x20 ./Core/Src/main.o
                0x0000000008001328                Callback_AT_Timer
 .text.Callback_Ring_Center_Timer
                0x0000000008001348       0x20 ./Core/Src/main.o
                0x0000000008001348                Callback_Ring_Center_Timer
 .text.StartDefaultTask
                0x0000000008001368       0x16 ./Core/Src/main.o
                0x0000000008001368                StartDefaultTask
 *fill*         0x000000000800137e        0x2 
 .text.HAL_TIM_PeriodElapsedCallback
                0x0000000008001380      0x604 ./Core/Src/main.o
                0x0000000008001380                HAL_TIM_PeriodElapsedCallback
 .text.Error_Handler
                0x0000000008001984        0x8 ./Core/Src/main.o
                0x0000000008001984                Error_Handler
 .text.HAL_MspInit
                0x000000000800198c       0x58 ./Core/Src/stm32f4xx_hal_msp.o
                0x000000000800198c                HAL_MspInit
 .text.HAL_RTC_MspInit
                0x00000000080019e4       0x54 ./Core/Src/stm32f4xx_hal_msp.o
                0x00000000080019e4                HAL_RTC_MspInit
 .text.HAL_SPI_MspInit
                0x0000000008001a38       0x90 ./Core/Src/stm32f4xx_hal_msp.o
                0x0000000008001a38                HAL_SPI_MspInit
 .text.HAL_TIM_Base_MspInit
                0x0000000008001ac8       0x4c ./Core/Src/stm32f4xx_hal_msp.o
                0x0000000008001ac8                HAL_TIM_Base_MspInit
 .text.HAL_UART_MspInit
                0x0000000008001b14      0x320 ./Core/Src/stm32f4xx_hal_msp.o
                0x0000000008001b14                HAL_UART_MspInit
 .text.HAL_InitTick
                0x0000000008001e34       0xb4 ./Core/Src/stm32f4xx_hal_timebase_tim.o
                0x0000000008001e34                HAL_InitTick
 .text.NMI_Handler
                0x0000000008001ee8        0x6 ./Core/Src/stm32f4xx_it.o
                0x0000000008001ee8                NMI_Handler
 .text.HardFault_Handler
                0x0000000008001eee        0x6 ./Core/Src/stm32f4xx_it.o
                0x0000000008001eee                HardFault_Handler
 .text.MemManage_Handler
                0x0000000008001ef4        0x6 ./Core/Src/stm32f4xx_it.o
                0x0000000008001ef4                MemManage_Handler
 .text.BusFault_Handler
                0x0000000008001efa        0x6 ./Core/Src/stm32f4xx_it.o
                0x0000000008001efa                BusFault_Handler
 .text.UsageFault_Handler
                0x0000000008001f00        0x6 ./Core/Src/stm32f4xx_it.o
                0x0000000008001f00                UsageFault_Handler
 .text.DebugMon_Handler
                0x0000000008001f06        0xe ./Core/Src/stm32f4xx_it.o
                0x0000000008001f06                DebugMon_Handler
 .text.DMA1_Stream1_IRQHandler
                0x0000000008001f14       0x14 ./Core/Src/stm32f4xx_it.o
                0x0000000008001f14                DMA1_Stream1_IRQHandler
 .text.DMA1_Stream3_IRQHandler
                0x0000000008001f28       0x14 ./Core/Src/stm32f4xx_it.o
                0x0000000008001f28                DMA1_Stream3_IRQHandler
 .text.TIM1_UP_TIM10_IRQHandler
                0x0000000008001f3c       0x14 ./Core/Src/stm32f4xx_it.o
                0x0000000008001f3c                TIM1_UP_TIM10_IRQHandler
 .text.TIM2_IRQHandler
                0x0000000008001f50       0x14 ./Core/Src/stm32f4xx_it.o
                0x0000000008001f50                TIM2_IRQHandler
 .text.USART3_IRQHandler
                0x0000000008001f64       0x14 ./Core/Src/stm32f4xx_it.o
                0x0000000008001f64                USART3_IRQHandler
 .text.DMA2_Stream1_IRQHandler
                0x0000000008001f78       0x14 ./Core/Src/stm32f4xx_it.o
                0x0000000008001f78                DMA2_Stream1_IRQHandler
 .text.DMA2_Stream6_IRQHandler
                0x0000000008001f8c       0x14 ./Core/Src/stm32f4xx_it.o
                0x0000000008001f8c                DMA2_Stream6_IRQHandler
 .text.USART6_IRQHandler
                0x0000000008001fa0       0x14 ./Core/Src/stm32f4xx_it.o
                0x0000000008001fa0                USART6_IRQHandler
 .text._read    0x0000000008001fb4       0x3a ./Core/Src/syscalls.o
                0x0000000008001fb4                _read
 .text._write   0x0000000008001fee       0x38 ./Core/Src/syscalls.o
                0x0000000008001fee                _write
 .text._close   0x0000000008002026       0x18 ./Core/Src/syscalls.o
                0x0000000008002026                _close
 .text._fstat   0x000000000800203e       0x20 ./Core/Src/syscalls.o
                0x000000000800203e                _fstat
 .text._isatty  0x000000000800205e       0x16 ./Core/Src/syscalls.o
                0x000000000800205e                _isatty
 .text._lseek   0x0000000008002074       0x1a ./Core/Src/syscalls.o
                0x0000000008002074                _lseek
 *fill*         0x000000000800208e        0x2 
 .text._sbrk    0x0000000008002090       0x6c ./Core/Src/sysmem.o
                0x0000000008002090                _sbrk
 .text.SystemInit
                0x00000000080020fc       0x24 ./Core/Src/system_stm32f4xx.o
                0x00000000080020fc                SystemInit
 .text.Reset_Handler
                0x0000000008002120       0x50 ./Core/Startup/startup_stm32f407igtx.o
                0x0000000008002120                Reset_Handler
 .text.Default_Handler
                0x0000000008002170        0x2 ./Core/Startup/startup_stm32f407igtx.o
                0x0000000008002170                RTC_Alarm_IRQHandler
                0x0000000008002170                HASH_RNG_IRQHandler
                0x0000000008002170                EXTI2_IRQHandler
                0x0000000008002170                TIM8_CC_IRQHandler
                0x0000000008002170                TIM1_CC_IRQHandler
                0x0000000008002170                DMA2_Stream5_IRQHandler
                0x0000000008002170                DMA1_Stream5_IRQHandler
                0x0000000008002170                PVD_IRQHandler
                0x0000000008002170                SDIO_IRQHandler
                0x0000000008002170                TAMP_STAMP_IRQHandler
                0x0000000008002170                CAN2_RX1_IRQHandler
                0x0000000008002170                EXTI3_IRQHandler
                0x0000000008002170                TIM8_TRG_COM_TIM14_IRQHandler
                0x0000000008002170                TIM8_UP_TIM13_IRQHandler
                0x0000000008002170                I2C3_ER_IRQHandler
                0x0000000008002170                EXTI0_IRQHandler
                0x0000000008002170                I2C2_EV_IRQHandler
                0x0000000008002170                DMA1_Stream2_IRQHandler
                0x0000000008002170                CAN1_RX0_IRQHandler
                0x0000000008002170                FPU_IRQHandler
                0x0000000008002170                OTG_HS_WKUP_IRQHandler
                0x0000000008002170                CAN2_SCE_IRQHandler
                0x0000000008002170                DMA2_Stream2_IRQHandler
                0x0000000008002170                SPI1_IRQHandler
                0x0000000008002170                TIM6_DAC_IRQHandler
                0x0000000008002170                TIM1_BRK_TIM9_IRQHandler
                0x0000000008002170                DCMI_IRQHandler
                0x0000000008002170                CAN2_RX0_IRQHandler
                0x0000000008002170                DMA2_Stream3_IRQHandler
                0x0000000008002170                CAN1_RX1_IRQHandler
                0x0000000008002170                UART5_IRQHandler
                0x0000000008002170                DMA2_Stream0_IRQHandler
                0x0000000008002170                TIM4_IRQHandler
                0x0000000008002170                I2C1_EV_IRQHandler
                0x0000000008002170                DMA1_Stream6_IRQHandler
                0x0000000008002170                UART4_IRQHandler
                0x0000000008002170                TIM3_IRQHandler
                0x0000000008002170                RCC_IRQHandler
                0x0000000008002170                TIM8_BRK_TIM12_IRQHandler
                0x0000000008002170                Default_Handler
                0x0000000008002170                EXTI15_10_IRQHandler
                0x0000000008002170                ADC_IRQHandler
                0x0000000008002170                DMA1_Stream7_IRQHandler
                0x0000000008002170                TIM7_IRQHandler
                0x0000000008002170                CAN2_TX_IRQHandler
                0x0000000008002170                TIM5_IRQHandler
                0x0000000008002170                DMA2_Stream7_IRQHandler
                0x0000000008002170                I2C3_EV_IRQHandler
                0x0000000008002170                EXTI9_5_IRQHandler
                0x0000000008002170                RTC_WKUP_IRQHandler
                0x0000000008002170                ETH_WKUP_IRQHandler
                0x0000000008002170                SPI2_IRQHandler
                0x0000000008002170                OTG_HS_EP1_IN_IRQHandler
                0x0000000008002170                DMA1_Stream0_IRQHandler
                0x0000000008002170                CAN1_TX_IRQHandler
                0x0000000008002170                EXTI4_IRQHandler
                0x0000000008002170                FSMC_IRQHandler
                0x0000000008002170                ETH_IRQHandler
                0x0000000008002170                OTG_HS_EP1_OUT_IRQHandler
                0x0000000008002170                WWDG_IRQHandler
                0x0000000008002170                OTG_FS_WKUP_IRQHandler
                0x0000000008002170                TIM1_TRG_COM_TIM11_IRQHandler
                0x0000000008002170                OTG_HS_IRQHandler
                0x0000000008002170                EXTI1_IRQHandler
                0x0000000008002170                USART2_IRQHandler
                0x0000000008002170                I2C2_ER_IRQHandler
                0x0000000008002170                CAN1_SCE_IRQHandler
                0x0000000008002170                FLASH_IRQHandler
                0x0000000008002170                DMA2_Stream4_IRQHandler
                0x0000000008002170                USART1_IRQHandler
                0x0000000008002170                OTG_FS_IRQHandler
                0x0000000008002170                SPI3_IRQHandler
                0x0000000008002170                DMA1_Stream4_IRQHandler
                0x0000000008002170                I2C1_ER_IRQHandler
 *fill*         0x0000000008002172        0x2 
 .text.HAL_Init
                0x0000000008002174       0x44 ./Drivers/STM32F4xx_HAL_Driver/Src/stm32f4xx_hal.o
                0x0000000008002174                HAL_Init
 .text.HAL_IncTick
                0x00000000080021b8       0x28 ./Drivers/STM32F4xx_HAL_Driver/Src/stm32f4xx_hal.o
                0x00000000080021b8                HAL_IncTick
 .text.HAL_GetTick
                0x00000000080021e0       0x18 ./Drivers/STM32F4xx_HAL_Driver/Src/stm32f4xx_hal.o
                0x00000000080021e0                HAL_GetTick
 .text.HAL_Delay
                0x00000000080021f8       0x48 ./Drivers/STM32F4xx_HAL_Driver/Src/stm32f4xx_hal.o
                0x00000000080021f8                HAL_Delay
 .text.__NVIC_SetPriorityGrouping
                0x0000000008002240       0x48 ./Drivers/STM32F4xx_HAL_Driver/Src/stm32f4xx_hal_cortex.o
 .text.__NVIC_GetPriorityGrouping
                0x0000000008002288       0x1c ./Drivers/STM32F4xx_HAL_Driver/Src/stm32f4xx_hal_cortex.o
 .text.__NVIC_EnableIRQ
                0x00000000080022a4       0x3c ./Drivers/STM32F4xx_HAL_Driver/Src/stm32f4xx_hal_cortex.o
 .text.__NVIC_SetPriority
                0x00000000080022e0       0x54 ./Drivers/STM32F4xx_HAL_Driver/Src/stm32f4xx_hal_cortex.o
 .text.NVIC_EncodePriority
                0x0000000008002334       0x66 ./Drivers/STM32F4xx_HAL_Driver/Src/stm32f4xx_hal_cortex.o
 .text.HAL_NVIC_SetPriorityGrouping
                0x000000000800239a       0x16 ./Drivers/STM32F4xx_HAL_Driver/Src/stm32f4xx_hal_cortex.o
                0x000000000800239a                HAL_NVIC_SetPriorityGrouping
 .text.HAL_NVIC_SetPriority
                0x00000000080023b0       0x38 ./Drivers/STM32F4xx_HAL_Driver/Src/stm32f4xx_hal_cortex.o
                0x00000000080023b0                HAL_NVIC_SetPriority
 .text.HAL_NVIC_EnableIRQ
                0x00000000080023e8       0x1c ./Drivers/STM32F4xx_HAL_Driver/Src/stm32f4xx_hal_cortex.o
                0x00000000080023e8                HAL_NVIC_EnableIRQ
 .text.HAL_DMA_Init
                0x0000000008002404      0x15c ./Drivers/STM32F4xx_HAL_Driver/Src/stm32f4xx_hal_dma.o
                0x0000000008002404                HAL_DMA_Init
 .text.HAL_DMA_Start_IT
                0x0000000008002560       0xb0 ./Drivers/STM32F4xx_HAL_Driver/Src/stm32f4xx_hal_dma.o
                0x0000000008002560                HAL_DMA_Start_IT
 .text.HAL_DMA_Abort
                0x0000000008002610       0xe0 ./Drivers/STM32F4xx_HAL_Driver/Src/stm32f4xx_hal_dma.o
                0x0000000008002610                HAL_DMA_Abort
 .text.HAL_DMA_Abort_IT
                0x00000000080026f0       0x44 ./Drivers/STM32F4xx_HAL_Driver/Src/stm32f4xx_hal_dma.o
                0x00000000080026f0                HAL_DMA_Abort_IT
 .text.HAL_DMA_IRQHandler
                0x0000000008002734      0x314 ./Drivers/STM32F4xx_HAL_Driver/Src/stm32f4xx_hal_dma.o
                0x0000000008002734                HAL_DMA_IRQHandler
 .text.DMA_SetConfig
                0x0000000008002a48       0x5c ./Drivers/STM32F4xx_HAL_Driver/Src/stm32f4xx_hal_dma.o
 .text.DMA_CalcBaseAndBitshift
                0x0000000008002aa4       0x6c ./Drivers/STM32F4xx_HAL_Driver/Src/stm32f4xx_hal_dma.o
 .text.DMA_CheckFifoParam
                0x0000000008002b10       0xf8 ./Drivers/STM32F4xx_HAL_Driver/Src/stm32f4xx_hal_dma.o
 .text.HAL_GPIO_Init
                0x0000000008002c08      0x338 ./Drivers/STM32F4xx_HAL_Driver/Src/stm32f4xx_hal_gpio.o
                0x0000000008002c08                HAL_GPIO_Init
 .text.HAL_GPIO_ReadPin
                0x0000000008002f40       0x30 ./Drivers/STM32F4xx_HAL_Driver/Src/stm32f4xx_hal_gpio.o
                0x0000000008002f40                HAL_GPIO_ReadPin
 .text.HAL_GPIO_WritePin
                0x0000000008002f70       0x32 ./Drivers/STM32F4xx_HAL_Driver/Src/stm32f4xx_hal_gpio.o
                0x0000000008002f70                HAL_GPIO_WritePin
 .text.HAL_GPIO_TogglePin
                0x0000000008002fa2       0x34 ./Drivers/STM32F4xx_HAL_Driver/Src/stm32f4xx_hal_gpio.o
                0x0000000008002fa2                HAL_GPIO_TogglePin
 *fill*         0x0000000008002fd6        0x2 
 .text.HAL_RCC_OscConfig
                0x0000000008002fd8      0x4f0 ./Drivers/STM32F4xx_HAL_Driver/Src/stm32f4xx_hal_rcc.o
                0x0000000008002fd8                HAL_RCC_OscConfig
 .text.HAL_RCC_ClockConfig
                0x00000000080034c8      0x1cc ./Drivers/STM32F4xx_HAL_Driver/Src/stm32f4xx_hal_rcc.o
                0x00000000080034c8                HAL_RCC_ClockConfig
 .text.HAL_RCC_GetSysClockFreq
                0x0000000008003694      0x16c ./Drivers/STM32F4xx_HAL_Driver/Src/stm32f4xx_hal_rcc.o
                0x0000000008003694                HAL_RCC_GetSysClockFreq
 .text.HAL_RCC_GetHCLKFreq
                0x0000000008003800       0x18 ./Drivers/STM32F4xx_HAL_Driver/Src/stm32f4xx_hal_rcc.o
                0x0000000008003800                HAL_RCC_GetHCLKFreq
 .text.HAL_RCC_GetPCLK1Freq
                0x0000000008003818       0x28 ./Drivers/STM32F4xx_HAL_Driver/Src/stm32f4xx_hal_rcc.o
                0x0000000008003818                HAL_RCC_GetPCLK1Freq
 .text.HAL_RCC_GetPCLK2Freq
                0x0000000008003840       0x28 ./Drivers/STM32F4xx_HAL_Driver/Src/stm32f4xx_hal_rcc.o
                0x0000000008003840                HAL_RCC_GetPCLK2Freq
 .text.HAL_RCC_GetClockConfig
                0x0000000008003868       0x64 ./Drivers/STM32F4xx_HAL_Driver/Src/stm32f4xx_hal_rcc.o
                0x0000000008003868                HAL_RCC_GetClockConfig
 .text.HAL_RCCEx_PeriphCLKConfig
                0x00000000080038cc      0x1c4 ./Drivers/STM32F4xx_HAL_Driver/Src/stm32f4xx_hal_rcc_ex.o
                0x00000000080038cc                HAL_RCCEx_PeriphCLKConfig
 .text.HAL_RTC_Init
                0x0000000008003a90       0xec ./Drivers/STM32F4xx_HAL_Driver/Src/stm32f4xx_hal_rtc.o
                0x0000000008003a90                HAL_RTC_Init
 .text.HAL_RTC_SetTime
                0x0000000008003b7c      0x134 ./Drivers/STM32F4xx_HAL_Driver/Src/stm32f4xx_hal_rtc.o
                0x0000000008003b7c                HAL_RTC_SetTime
 .text.HAL_RTC_GetTime
                0x0000000008003cb0       0xbc ./Drivers/STM32F4xx_HAL_Driver/Src/stm32f4xx_hal_rtc.o
                0x0000000008003cb0                HAL_RTC_GetTime
 .text.HAL_RTC_SetDate
                0x0000000008003d6c      0x108 ./Drivers/STM32F4xx_HAL_Driver/Src/stm32f4xx_hal_rtc.o
                0x0000000008003d6c                HAL_RTC_SetDate
 .text.HAL_RTC_GetDate
                0x0000000008003e74       0x9e ./Drivers/STM32F4xx_HAL_Driver/Src/stm32f4xx_hal_rtc.o
                0x0000000008003e74                HAL_RTC_GetDate
 .text.HAL_RTC_WaitForSynchro
                0x0000000008003f12       0x50 ./Drivers/STM32F4xx_HAL_Driver/Src/stm32f4xx_hal_rtc.o
                0x0000000008003f12                HAL_RTC_WaitForSynchro
 .text.RTC_EnterInitMode
                0x0000000008003f62       0x6e ./Drivers/STM32F4xx_HAL_Driver/Src/stm32f4xx_hal_rtc.o
                0x0000000008003f62                RTC_EnterInitMode
 .text.RTC_ExitInitMode
                0x0000000008003fd0       0x4a ./Drivers/STM32F4xx_HAL_Driver/Src/stm32f4xx_hal_rtc.o
                0x0000000008003fd0                RTC_ExitInitMode
 .text.RTC_ByteToBcd2
                0x000000000800401a       0x3a ./Drivers/STM32F4xx_HAL_Driver/Src/stm32f4xx_hal_rtc.o
                0x000000000800401a                RTC_ByteToBcd2
 .text.RTC_Bcd2ToByte
                0x0000000008004054       0x38 ./Drivers/STM32F4xx_HAL_Driver/Src/stm32f4xx_hal_rtc.o
                0x0000000008004054                RTC_Bcd2ToByte
 .text.HAL_SPI_Init
                0x000000000800408c      0x112 ./Drivers/STM32F4xx_HAL_Driver/Src/stm32f4xx_hal_spi.o
                0x000000000800408c                HAL_SPI_Init
 .text.HAL_SPI_Transmit
                0x000000000800419e      0x278 ./Drivers/STM32F4xx_HAL_Driver/Src/stm32f4xx_hal_spi.o
                0x000000000800419e                HAL_SPI_Transmit
 .text.HAL_SPI_Receive
                0x0000000008004416      0x222 ./Drivers/STM32F4xx_HAL_Driver/Src/stm32f4xx_hal_spi.o
                0x0000000008004416                HAL_SPI_Receive
 .text.HAL_SPI_TransmitReceive
                0x0000000008004638      0x344 ./Drivers/STM32F4xx_HAL_Driver/Src/stm32f4xx_hal_spi.o
                0x0000000008004638                HAL_SPI_TransmitReceive
 .text.SPI_WaitFlagStateUntilTimeout
                0x000000000800497c      0x110 ./Drivers/STM32F4xx_HAL_Driver/Src/stm32f4xx_hal_spi.o
 .text.SPI_EndRxTransaction
                0x0000000008004a8c       0xca ./Drivers/STM32F4xx_HAL_Driver/Src/stm32f4xx_hal_spi.o
 *fill*         0x0000000008004b56        0x2 
 .text.SPI_EndRxTxTransaction
                0x0000000008004b58       0x84 ./Drivers/STM32F4xx_HAL_Driver/Src/stm32f4xx_hal_spi.o
 .text.HAL_TIM_Base_Init
                0x0000000008004bdc       0x9e ./Drivers/STM32F4xx_HAL_Driver/Src/stm32f4xx_hal_tim.o
                0x0000000008004bdc                HAL_TIM_Base_Init
 *fill*         0x0000000008004c7a        0x2 
 .text.HAL_TIM_Base_Start_IT
                0x0000000008004c7c       0xe0 ./Drivers/STM32F4xx_HAL_Driver/Src/stm32f4xx_hal_tim.o
                0x0000000008004c7c                HAL_TIM_Base_Start_IT
 .text.HAL_TIM_IRQHandler
                0x0000000008004d5c      0x210 ./Drivers/STM32F4xx_HAL_Driver/Src/stm32f4xx_hal_tim.o
                0x0000000008004d5c                HAL_TIM_IRQHandler
 .text.HAL_TIM_ConfigClockSource
                0x0000000008004f6c      0x18e ./Drivers/STM32F4xx_HAL_Driver/Src/stm32f4xx_hal_tim.o
                0x0000000008004f6c                HAL_TIM_ConfigClockSource
 .text.HAL_TIM_OC_DelayElapsedCallback
                0x00000000080050fa       0x14 ./Drivers/STM32F4xx_HAL_Driver/Src/stm32f4xx_hal_tim.o
                0x00000000080050fa                HAL_TIM_OC_DelayElapsedCallback
 .text.HAL_TIM_IC_CaptureCallback
                0x000000000800510e       0x14 ./Drivers/STM32F4xx_HAL_Driver/Src/stm32f4xx_hal_tim.o
                0x000000000800510e                HAL_TIM_IC_CaptureCallback
 .text.HAL_TIM_PWM_PulseFinishedCallback
                0x0000000008005122       0x14 ./Drivers/STM32F4xx_HAL_Driver/Src/stm32f4xx_hal_tim.o
                0x0000000008005122                HAL_TIM_PWM_PulseFinishedCallback
 .text.HAL_TIM_TriggerCallback
                0x0000000008005136       0x14 ./Drivers/STM32F4xx_HAL_Driver/Src/stm32f4xx_hal_tim.o
                0x0000000008005136                HAL_TIM_TriggerCallback
 *fill*         0x000000000800514a        0x2 
 .text.TIM_Base_SetConfig
                0x000000000800514c      0x140 ./Drivers/STM32F4xx_HAL_Driver/Src/stm32f4xx_hal_tim.o
                0x000000000800514c                TIM_Base_SetConfig
 .text.TIM_TI1_ConfigInputStage
                0x000000000800528c       0x5e ./Drivers/STM32F4xx_HAL_Driver/Src/stm32f4xx_hal_tim.o
 .text.TIM_TI2_ConfigInputStage
                0x00000000080052ea       0x60 ./Drivers/STM32F4xx_HAL_Driver/Src/stm32f4xx_hal_tim.o
 .text.TIM_ITRx_SetConfig
                0x000000000800534a       0x36 ./Drivers/STM32F4xx_HAL_Driver/Src/stm32f4xx_hal_tim.o
 .text.TIM_ETR_SetConfig
                0x0000000008005380       0x40 ./Drivers/STM32F4xx_HAL_Driver/Src/stm32f4xx_hal_tim.o
                0x0000000008005380                TIM_ETR_SetConfig
 .text.HAL_TIMEx_MasterConfigSynchronization
                0x00000000080053c0       0xf8 ./Drivers/STM32F4xx_HAL_Driver/Src/stm32f4xx_hal_tim_ex.o
                0x00000000080053c0                HAL_TIMEx_MasterConfigSynchronization
 .text.HAL_TIMEx_CommutCallback
                0x00000000080054b8       0x14 ./Drivers/STM32F4xx_HAL_Driver/Src/stm32f4xx_hal_tim_ex.o
                0x00000000080054b8                HAL_TIMEx_CommutCallback
 .text.HAL_TIMEx_BreakCallback
                0x00000000080054cc       0x14 ./Drivers/STM32F4xx_HAL_Driver/Src/stm32f4xx_hal_tim_ex.o
                0x00000000080054cc                HAL_TIMEx_BreakCallback
 .text.HAL_UART_Init
                0x00000000080054e0       0x9a ./Drivers/STM32F4xx_HAL_Driver/Src/stm32f4xx_hal_uart.o
                0x00000000080054e0                HAL_UART_Init
 .text.HAL_UART_Transmit
                0x000000000800557a      0x124 ./Drivers/STM32F4xx_HAL_Driver/Src/stm32f4xx_hal_uart.o
                0x000000000800557a                HAL_UART_Transmit
 .text.HAL_UART_Receive
                0x000000000800569e      0x144 ./Drivers/STM32F4xx_HAL_Driver/Src/stm32f4xx_hal_uart.o
                0x000000000800569e                HAL_UART_Receive
 *fill*         0x00000000080057e2        0x2 
 .text.HAL_UART_Transmit_DMA
                0x00000000080057e4       0xfc ./Drivers/STM32F4xx_HAL_Driver/Src/stm32f4xx_hal_uart.o
                0x00000000080057e4                HAL_UART_Transmit_DMA
 .text.HAL_UART_Receive_DMA
                0x00000000080058e0       0x60 ./Drivers/STM32F4xx_HAL_Driver/Src/stm32f4xx_hal_uart.o
                0x00000000080058e0                HAL_UART_Receive_DMA
 .text.HAL_UART_IRQHandler
                0x0000000008005940      0x51c ./Drivers/STM32F4xx_HAL_Driver/Src/stm32f4xx_hal_uart.o
                0x0000000008005940                HAL_UART_IRQHandler
 .text.HAL_UART_TxHalfCpltCallback
                0x0000000008005e5c       0x14 ./Drivers/STM32F4xx_HAL_Driver/Src/stm32f4xx_hal_uart.o
                0x0000000008005e5c                HAL_UART_TxHalfCpltCallback
 .text.HAL_UART_RxHalfCpltCallback
                0x0000000008005e70       0x14 ./Drivers/STM32F4xx_HAL_Driver/Src/stm32f4xx_hal_uart.o
                0x0000000008005e70                HAL_UART_RxHalfCpltCallback
 .text.HAL_UART_ErrorCallback
                0x0000000008005e84       0x14 ./Drivers/STM32F4xx_HAL_Driver/Src/stm32f4xx_hal_uart.o
                0x0000000008005e84                HAL_UART_ErrorCallback
 .text.HAL_UARTEx_RxEventCallback
                0x0000000008005e98       0x18 ./Drivers/STM32F4xx_HAL_Driver/Src/stm32f4xx_hal_uart.o
                0x0000000008005e98                HAL_UARTEx_RxEventCallback
 .text.UART_DMATransmitCplt
                0x0000000008005eb0       0x9a ./Drivers/STM32F4xx_HAL_Driver/Src/stm32f4xx_hal_uart.o
 .text.UART_DMATxHalfCplt
                0x0000000008005f4a       0x1c ./Drivers/STM32F4xx_HAL_Driver/Src/stm32f4xx_hal_uart.o
 .text.UART_DMAReceiveCplt
                0x0000000008005f66      0x126 ./Drivers/STM32F4xx_HAL_Driver/Src/stm32f4xx_hal_uart.o
 .text.UART_DMARxHalfCplt
                0x000000000800608c       0x36 ./Drivers/STM32F4xx_HAL_Driver/Src/stm32f4xx_hal_uart.o
 .text.UART_DMAError
                0x00000000080060c2       0x94 ./Drivers/STM32F4xx_HAL_Driver/Src/stm32f4xx_hal_uart.o
 .text.UART_WaitOnFlagUntilTimeout
                0x0000000008006156       0xdc ./Drivers/STM32F4xx_HAL_Driver/Src/stm32f4xx_hal_uart.o
 *fill*         0x0000000008006232        0x2 
 .text.UART_Start_Receive_DMA
                0x0000000008006234      0x13c ./Drivers/STM32F4xx_HAL_Driver/Src/stm32f4xx_hal_uart.o
                0x0000000008006234                UART_Start_Receive_DMA
 .text.UART_EndTxTransfer
                0x0000000008006370       0x50 ./Drivers/STM32F4xx_HAL_Driver/Src/stm32f4xx_hal_uart.o
 .text.UART_EndRxTransfer
                0x00000000080063c0       0xc6 ./Drivers/STM32F4xx_HAL_Driver/Src/stm32f4xx_hal_uart.o
 .text.UART_DMAAbortOnError
                0x0000000008006486       0x28 ./Drivers/STM32F4xx_HAL_Driver/Src/stm32f4xx_hal_uart.o
 .text.UART_Transmit_IT
                0x00000000080064ae       0xa0 ./Drivers/STM32F4xx_HAL_Driver/Src/stm32f4xx_hal_uart.o
 .text.UART_EndTransmit_IT
                0x000000000800654e       0x30 ./Drivers/STM32F4xx_HAL_Driver/Src/stm32f4xx_hal_uart.o
 .text.UART_Receive_IT
                0x000000000800657e      0x176 ./Drivers/STM32F4xx_HAL_Driver/Src/stm32f4xx_hal_uart.o
 .text.UART_SetConfig
                0x00000000080066f4      0x390 ./Drivers/STM32F4xx_HAL_Driver/Src/stm32f4xx_hal_uart.o
 .text.makeFreeRtosPriority
                0x0000000008006a84       0x30 ./Middlewares/Third_Party/FreeRTOS/Source/CMSIS_RTOS/cmsis_os.o
 .text.inHandlerMode
                0x0000000008006ab4       0x24 ./Middlewares/Third_Party/FreeRTOS/Source/CMSIS_RTOS/cmsis_os.o
 .text.osKernelStart
                0x0000000008006ad8        0xe ./Middlewares/Third_Party/FreeRTOS/Source/CMSIS_RTOS/cmsis_os.o
                0x0000000008006ad8                osKernelStart
 .text.osThreadCreate
                0x0000000008006ae6       0x98 ./Middlewares/Third_Party/FreeRTOS/Source/CMSIS_RTOS/cmsis_os.o
                0x0000000008006ae6                osThreadCreate
 .text.osDelay  0x0000000008006b7e       0x28 ./Middlewares/Third_Party/FreeRTOS/Source/CMSIS_RTOS/cmsis_os.o
                0x0000000008006b7e                osDelay
 *fill*         0x0000000008006ba6        0x2 
 .text.osTimerCreate
                0x0000000008006ba8       0x68 ./Middlewares/Third_Party/FreeRTOS/Source/CMSIS_RTOS/cmsis_os.o
                0x0000000008006ba8                osTimerCreate
 .text.osTimerStart
                0x0000000008006c10       0x88 ./Middlewares/Third_Party/FreeRTOS/Source/CMSIS_RTOS/cmsis_os.o
                0x0000000008006c10                osTimerStart
 .text.osTimerStop
                0x0000000008006c98       0x78 ./Middlewares/Third_Party/FreeRTOS/Source/CMSIS_RTOS/cmsis_os.o
                0x0000000008006c98                osTimerStop
 .text.osMutexCreate
                0x0000000008006d10       0x30 ./Middlewares/Third_Party/FreeRTOS/Source/CMSIS_RTOS/cmsis_os.o
                0x0000000008006d10                osMutexCreate
 .text.osMutexWait
                0x0000000008006d40       0x9c ./Middlewares/Third_Party/FreeRTOS/Source/CMSIS_RTOS/cmsis_os.o
                0x0000000008006d40                osMutexWait
 .text.osMutexRelease
                0x0000000008006ddc       0x6c ./Middlewares/Third_Party/FreeRTOS/Source/CMSIS_RTOS/cmsis_os.o
                0x0000000008006ddc                osMutexRelease
 .text.osSemaphoreCreate
                0x0000000008006e48       0x64 ./Middlewares/Third_Party/FreeRTOS/Source/CMSIS_RTOS/cmsis_os.o
                0x0000000008006e48                osSemaphoreCreate
 .text.osSemaphoreWait
                0x0000000008006eac       0x9c ./Middlewares/Third_Party/FreeRTOS/Source/CMSIS_RTOS/cmsis_os.o
                0x0000000008006eac                osSemaphoreWait
 .text.osSemaphoreRelease
                0x0000000008006f48       0x6c ./Middlewares/Third_Party/FreeRTOS/Source/CMSIS_RTOS/cmsis_os.o
                0x0000000008006f48                osSemaphoreRelease
 .text.osMessageCreate
                0x0000000008006fb4       0x50 ./Middlewares/Third_Party/FreeRTOS/Source/CMSIS_RTOS/cmsis_os.o
                0x0000000008006fb4                osMessageCreate
 .text.osMessagePut
                0x0000000008007004       0x80 ./Middlewares/Third_Party/FreeRTOS/Source/CMSIS_RTOS/cmsis_os.o
                0x0000000008007004                osMessagePut
 .text.osMessageGet
                0x0000000008007084       0xe8 ./Middlewares/Third_Party/FreeRTOS/Source/CMSIS_RTOS/cmsis_os.o
                0x0000000008007084                osMessageGet
 .text.osThreadSuspend
                0x000000000800716c       0x18 ./Middlewares/Third_Party/FreeRTOS/Source/CMSIS_RTOS/cmsis_os.o
                0x000000000800716c                osThreadSuspend
 .text.osThreadResume
                0x0000000008007184       0x44 ./Middlewares/Third_Party/FreeRTOS/Source/CMSIS_RTOS/cmsis_os.o
                0x0000000008007184                osThreadResume
 .text.vListInitialise
                0x00000000080071c8       0x40 ./Middlewares/Third_Party/FreeRTOS/Source/list.o
                0x00000000080071c8                vListInitialise
 .text.vListInitialiseItem
                0x0000000008007208       0x1a ./Middlewares/Third_Party/FreeRTOS/Source/list.o
                0x0000000008007208                vListInitialiseItem
 .text.vListInsertEnd
                0x0000000008007222       0x48 ./Middlewares/Third_Party/FreeRTOS/Source/list.o
                0x0000000008007222                vListInsertEnd
 .text.vListInsert
                0x000000000800726a       0x72 ./Middlewares/Third_Party/FreeRTOS/Source/list.o
                0x000000000800726a                vListInsert
 .text.uxListRemove
                0x00000000080072dc       0x54 ./Middlewares/Third_Party/FreeRTOS/Source/list.o
                0x00000000080072dc                uxListRemove
 .text.xQueueGenericReset
                0x0000000008007330       0xd0 ./Middlewares/Third_Party/FreeRTOS/Source/queue.o
                0x0000000008007330                xQueueGenericReset
 .text.xQueueGenericCreateStatic
                0x0000000008007400       0xf0 ./Middlewares/Third_Party/FreeRTOS/Source/queue.o
                0x0000000008007400                xQueueGenericCreateStatic
 .text.xQueueGenericCreate
                0x00000000080074f0       0x74 ./Middlewares/Third_Party/FreeRTOS/Source/queue.o
                0x00000000080074f0                xQueueGenericCreate
 .text.prvInitialiseNewQueue
                0x0000000008007564       0x3e ./Middlewares/Third_Party/FreeRTOS/Source/queue.o
 .text.prvInitialiseMutex
                0x00000000080075a2       0x34 ./Middlewares/Third_Party/FreeRTOS/Source/queue.o
 .text.xQueueCreateMutex
                0x00000000080075d6       0x30 ./Middlewares/Third_Party/FreeRTOS/Source/queue.o
                0x00000000080075d6                xQueueCreateMutex
 .text.xQueueCreateMutexStatic
                0x0000000008007606       0x36 ./Middlewares/Third_Party/FreeRTOS/Source/queue.o
                0x0000000008007606                xQueueCreateMutexStatic
 .text.xQueueGenericSend
                0x000000000800763c      0x1fc ./Middlewares/Third_Party/FreeRTOS/Source/queue.o
                0x000000000800763c                xQueueGenericSend
 .text.xQueueGenericSendFromISR
                0x0000000008007838      0x136 ./Middlewares/Third_Party/FreeRTOS/Source/queue.o
                0x0000000008007838                xQueueGenericSendFromISR
 .text.xQueueGiveFromISR
                0x000000000800796e      0x11a ./Middlewares/Third_Party/FreeRTOS/Source/queue.o
                0x000000000800796e                xQueueGiveFromISR
 .text.xQueueReceive
                0x0000000008007a88      0x1c0 ./Middlewares/Third_Party/FreeRTOS/Source/queue.o
                0x0000000008007a88                xQueueReceive
 .text.xQueueSemaphoreTake
                0x0000000008007c48      0x218 ./Middlewares/Third_Party/FreeRTOS/Source/queue.o
                0x0000000008007c48                xQueueSemaphoreTake
 .text.xQueueReceiveFromISR
                0x0000000008007e60      0x100 ./Middlewares/Third_Party/FreeRTOS/Source/queue.o
                0x0000000008007e60                xQueueReceiveFromISR
 .text.prvGetDisinheritPriorityAfterTimeout
                0x0000000008007f60       0x30 ./Middlewares/Third_Party/FreeRTOS/Source/queue.o
 .text.prvCopyDataToQueue
                0x0000000008007f90       0xd4 ./Middlewares/Third_Party/FreeRTOS/Source/queue.o
 .text.prvCopyDataFromQueue
                0x0000000008008064       0x4c ./Middlewares/Third_Party/FreeRTOS/Source/queue.o
 .text.prvUnlockQueue
                0x00000000080080b0       0xa4 ./Middlewares/Third_Party/FreeRTOS/Source/queue.o
 .text.prvIsQueueEmpty
                0x0000000008008154       0x2c ./Middlewares/Third_Party/FreeRTOS/Source/queue.o
 .text.prvIsQueueFull
                0x0000000008008180       0x30 ./Middlewares/Third_Party/FreeRTOS/Source/queue.o
 .text.vQueueAddToRegistry
                0x00000000080081b0       0x54 ./Middlewares/Third_Party/FreeRTOS/Source/queue.o
                0x00000000080081b0                vQueueAddToRegistry
 .text.vQueueWaitForMessageRestricted
                0x0000000008008204       0x68 ./Middlewares/Third_Party/FreeRTOS/Source/queue.o
                0x0000000008008204                vQueueWaitForMessageRestricted
 .text.xTaskCreateStatic
                0x000000000800826c       0xba ./Middlewares/Third_Party/FreeRTOS/Source/tasks.o
                0x000000000800826c                xTaskCreateStatic
 .text.xTaskCreate
                0x0000000008008326       0x8a ./Middlewares/Third_Party/FreeRTOS/Source/tasks.o
                0x0000000008008326                xTaskCreate
 .text.prvInitialiseNewTask
                0x00000000080083b0      0x13c ./Middlewares/Third_Party/FreeRTOS/Source/tasks.o
 .text.prvAddNewTaskToReadyList
                0x00000000080084ec       0xd4 ./Middlewares/Third_Party/FreeRTOS/Source/tasks.o
 .text.vTaskDelay
                0x00000000080085c0       0x68 ./Middlewares/Third_Party/FreeRTOS/Source/tasks.o
                0x00000000080085c0                vTaskDelay
 .text.vTaskSuspend
                0x0000000008008628      0x124 ./Middlewares/Third_Party/FreeRTOS/Source/tasks.o
                0x0000000008008628                vTaskSuspend
 .text.prvTaskIsTaskSuspended
                0x000000000800874c       0x64 ./Middlewares/Third_Party/FreeRTOS/Source/tasks.o
 .text.vTaskResume
                0x00000000080087b0       0xbc ./Middlewares/Third_Party/FreeRTOS/Source/tasks.o
                0x00000000080087b0                vTaskResume
 .text.xTaskResumeFromISR
                0x000000000800886c       0xe4 ./Middlewares/Third_Party/FreeRTOS/Source/tasks.o
                0x000000000800886c                xTaskResumeFromISR
 .text.vTaskStartScheduler
                0x0000000008008950       0xe0 ./Middlewares/Third_Party/FreeRTOS/Source/tasks.o
                0x0000000008008950                vTaskStartScheduler
 .text.vTaskSuspendAll
                0x0000000008008a30       0x1c ./Middlewares/Third_Party/FreeRTOS/Source/tasks.o
                0x0000000008008a30                vTaskSuspendAll
 .text.xTaskResumeAll
                0x0000000008008a4c      0x138 ./Middlewares/Third_Party/FreeRTOS/Source/tasks.o
                0x0000000008008a4c                xTaskResumeAll
 .text.xTaskGetTickCount
                0x0000000008008b84       0x20 ./Middlewares/Third_Party/FreeRTOS/Source/tasks.o
                0x0000000008008b84                xTaskGetTickCount
 .text.xTaskIncrementTick
                0x0000000008008ba4      0x170 ./Middlewares/Third_Party/FreeRTOS/Source/tasks.o
                0x0000000008008ba4                xTaskIncrementTick
 .text.vTaskSwitchContext
                0x0000000008008d14       0xc4 ./Middlewares/Third_Party/FreeRTOS/Source/tasks.o
                0x0000000008008d14                vTaskSwitchContext
 .text.vTaskPlaceOnEventList
                0x0000000008008dd8       0x48 ./Middlewares/Third_Party/FreeRTOS/Source/tasks.o
                0x0000000008008dd8                vTaskPlaceOnEventList
 .text.vTaskPlaceOnEventListRestricted
                0x0000000008008e20       0x58 ./Middlewares/Third_Party/FreeRTOS/Source/tasks.o
                0x0000000008008e20                vTaskPlaceOnEventListRestricted
 .text.xTaskRemoveFromEventList
                0x0000000008008e78       0xc4 ./Middlewares/Third_Party/FreeRTOS/Source/tasks.o
                0x0000000008008e78                xTaskRemoveFromEventList
 .text.vTaskInternalSetTimeOutState
                0x0000000008008f3c       0x2c ./Middlewares/Third_Party/FreeRTOS/Source/tasks.o
                0x0000000008008f3c                vTaskInternalSetTimeOutState
 .text.xTaskCheckForTimeOut
                0x0000000008008f68       0xc4 ./Middlewares/Third_Party/FreeRTOS/Source/tasks.o
                0x0000000008008f68                xTaskCheckForTimeOut
 .text.vTaskMissedYield
                0x000000000800902c       0x18 ./Middlewares/Third_Party/FreeRTOS/Source/tasks.o
                0x000000000800902c                vTaskMissedYield
 .text.prvIdleTask
                0x0000000008009044       0x30 ./Middlewares/Third_Party/FreeRTOS/Source/tasks.o
 .text.prvInitialiseTaskLists
                0x0000000008009074       0x80 ./Middlewares/Third_Party/FreeRTOS/Source/tasks.o
 .text.prvCheckTasksWaitingTermination
                0x00000000080090f4       0x5c ./Middlewares/Third_Party/FreeRTOS/Source/tasks.o
 .text.prvDeleteTCB
                0x0000000008009150       0x68 ./Middlewares/Third_Party/FreeRTOS/Source/tasks.o
 .text.prvResetNextTaskUnblockTime
                0x00000000080091b8       0x40 ./Middlewares/Third_Party/FreeRTOS/Source/tasks.o
 .text.xTaskGetSchedulerState
                0x00000000080091f8       0x3c ./Middlewares/Third_Party/FreeRTOS/Source/tasks.o
                0x00000000080091f8                xTaskGetSchedulerState
 .text.xTaskPriorityInherit
                0x0000000008009234       0xec ./Middlewares/Third_Party/FreeRTOS/Source/tasks.o
                0x0000000008009234                xTaskPriorityInherit
 .text.xTaskPriorityDisinherit
                0x0000000008009320      0x10c ./Middlewares/Third_Party/FreeRTOS/Source/tasks.o
                0x0000000008009320                xTaskPriorityDisinherit
 .text.vTaskPriorityDisinheritAfterTimeout
                0x000000000800942c      0x11c ./Middlewares/Third_Party/FreeRTOS/Source/tasks.o
                0x000000000800942c                vTaskPriorityDisinheritAfterTimeout
 .text.pvTaskIncrementMutexHeldCount
                0x0000000008009548       0x28 ./Middlewares/Third_Party/FreeRTOS/Source/tasks.o
                0x0000000008009548                pvTaskIncrementMutexHeldCount
 .text.prvAddCurrentTaskToDelayedList
                0x0000000008009570       0xcc ./Middlewares/Third_Party/FreeRTOS/Source/tasks.o
 .text.xTimerCreateTimerTask
                0x000000000800963c       0x90 ./Middlewares/Third_Party/FreeRTOS/Source/timers.o
                0x000000000800963c                xTimerCreateTimerTask
 .text.xTimerCreate
                0x00000000080096cc       0x42 ./Middlewares/Third_Party/FreeRTOS/Source/timers.o
                0x00000000080096cc                xTimerCreate
 .text.xTimerCreateStatic
                0x000000000800970e       0x7c ./Middlewares/Third_Party/FreeRTOS/Source/timers.o
                0x000000000800970e                xTimerCreateStatic
 .text.prvInitialiseNewTimer
                0x000000000800978a       0x76 ./Middlewares/Third_Party/FreeRTOS/Source/timers.o
 .text.xTimerGenericCommand
                0x0000000008009800       0x9c ./Middlewares/Third_Party/FreeRTOS/Source/timers.o
                0x0000000008009800                xTimerGenericCommand
 .text.prvProcessExpiredTimer
                0x000000000800989c       0x98 ./Middlewares/Third_Party/FreeRTOS/Source/timers.o
 .text.prvTimerTask
                0x0000000008009934       0x24 ./Middlewares/Third_Party/FreeRTOS/Source/timers.o
 .text.prvProcessTimerOrBlockTask
                0x0000000008009958       0x9c ./Middlewares/Third_Party/FreeRTOS/Source/timers.o
 .text.prvGetNextExpireTime
                0x00000000080099f4       0x48 ./Middlewares/Third_Party/FreeRTOS/Source/timers.o
 .text.prvSampleTimeNow
                0x0000000008009a3c       0x40 ./Middlewares/Third_Party/FreeRTOS/Source/timers.o
 .text.prvInsertTimerInActiveList
                0x0000000008009a7c       0x84 ./Middlewares/Third_Party/FreeRTOS/Source/timers.o
 .text.prvProcessReceivedCommands
                0x0000000008009b00      0x18c ./Middlewares/Third_Party/FreeRTOS/Source/timers.o
 .text.prvSwitchTimerLists
                0x0000000008009c8c       0xc8 ./Middlewares/Third_Party/FreeRTOS/Source/timers.o
 .text.prvCheckForValidListAndQueue
                0x0000000008009d54       0x80 ./Middlewares/Third_Party/FreeRTOS/Source/timers.o
 .text.pxPortInitialiseStack
                0x0000000008009dd4       0x68 ./Middlewares/Third_Party/FreeRTOS/Source/portable/GCC/ARM_CM4F/port.o
                0x0000000008009dd4                pxPortInitialiseStack
 .text.prvTaskExitError
                0x0000000008009e3c       0x58 ./Middlewares/Third_Party/FreeRTOS/Source/portable/GCC/ARM_CM4F/port.o
 *fill*         0x0000000008009e94        0xc 
 .text.SVC_Handler
                0x0000000008009ea0       0x28 ./Middlewares/Third_Party/FreeRTOS/Source/portable/GCC/ARM_CM4F/port.o
                0x0000000008009ea0                SVC_Handler
 .text.prvPortStartFirstTask
                0x0000000008009ec8       0x28 ./Middlewares/Third_Party/FreeRTOS/Source/portable/GCC/ARM_CM4F/port.o
 .text.xPortStartScheduler
                0x0000000008009ef0      0x144 ./Middlewares/Third_Party/FreeRTOS/Source/portable/GCC/ARM_CM4F/port.o
                0x0000000008009ef0                xPortStartScheduler
 .text.vPortEnterCritical
                0x000000000800a034       0x60 ./Middlewares/Third_Party/FreeRTOS/Source/portable/GCC/ARM_CM4F/port.o
                0x000000000800a034                vPortEnterCritical
 .text.vPortExitCritical
                0x000000000800a094       0x54 ./Middlewares/Third_Party/FreeRTOS/Source/portable/GCC/ARM_CM4F/port.o
                0x000000000800a094                vPortExitCritical
 *fill*         0x000000000800a0e8        0x8 
 .text.PendSV_Handler
                0x000000000800a0f0       0x68 ./Middlewares/Third_Party/FreeRTOS/Source/portable/GCC/ARM_CM4F/port.o
                0x000000000800a0f0                PendSV_Handler
 .text.SysTick_Handler
                0x000000000800a158       0x44 ./Middlewares/Third_Party/FreeRTOS/Source/portable/GCC/ARM_CM4F/port.o
                0x000000000800a158                SysTick_Handler
 .text.vPortSetupTimerInterrupt
                0x000000000800a19c       0x48 ./Middlewares/Third_Party/FreeRTOS/Source/portable/GCC/ARM_CM4F/port.o
                0x000000000800a19c                vPortSetupTimerInterrupt
 .text.vPortEnableVFP
                0x000000000800a1e4       0x14 ./Middlewares/Third_Party/FreeRTOS/Source/portable/GCC/ARM_CM4F/port.o
 .text.vPortValidateInterruptPriority
                0x000000000800a1f8       0x80 ./Middlewares/Third_Party/FreeRTOS/Source/portable/GCC/ARM_CM4F/port.o
                0x000000000800a1f8                vPortValidateInterruptPriority
 .text.pvPortMalloc
                0x000000000800a278      0x198 ./Middlewares/Third_Party/FreeRTOS/Source/portable/MemMang/heap_4.o
                0x000000000800a278                pvPortMalloc
 .text.vPortFree
                0x000000000800a410       0xc4 ./Middlewares/Third_Party/FreeRTOS/Source/portable/MemMang/heap_4.o
                0x000000000800a410                vPortFree
 .text.prvHeapInit
                0x000000000800a4d4       0xc4 ./Middlewares/Third_Party/FreeRTOS/Source/portable/MemMang/heap_4.o
 .text.prvInsertBlockIntoFreeList
                0x000000000800a598       0xb4 ./Middlewares/Third_Party/FreeRTOS/Source/portable/MemMang/heap_4.o
 .text.ThreadArmingTask
                0x000000000800a64c      0x5b8 ./User/ArmingTask.o
                0x000000000800a64c                ThreadArmingTask
 .text.ThreadCallRingCenterTask
                0x000000000800ac04       0x50 ./User/CallRingCenteerTask.o
                0x000000000800ac04                ThreadCallRingCenterTask
 .text.ThreadDisplayTask
                0x000000000800ac54     0x16e4 ./User/DisplayTask.o
                0x000000000800ac54                ThreadDisplayTask
 .text.ThreadEventWriteTask
                0x000000000800c338      0x468 ./User/EventWriteTask.o
                0x000000000800c338                ThreadEventWriteTask
 .text.ThreadIbuttonTask
                0x000000000800c7a0      0x37c ./User/IbuttonTask.o
                0x000000000800c7a0                ThreadIbuttonTask
 .text.ThreadLedTask
                0x000000000800cb1c      0x10c ./User/LedTask .o
                0x000000000800cb1c                ThreadLedTask
 .text.ThreadM95Task
                0x000000000800cc28      0x474 ./User/M95Task.o
                0x000000000800cc28                ThreadM95Task
 .text.__NVIC_SystemReset
                0x000000000800d09c       0x2c ./User/MainTask.o
 .text.ThreadMainTask
                0x000000000800d0c8      0x8d0 ./User/MainTask.o
                0x000000000800d0c8                ThreadMainTask
 .text.ThreadMeterTask
                0x000000000800d998      0x17c ./User/MeterTask.o
                0x000000000800d998                ThreadMeterTask
 .text.ThreadModbusPacketTask
                0x000000000800db14      0x484 ./User/ModbusPacketTask.o
                0x000000000800db14                ThreadModbusPacketTask
 .text.ThreadModbusTask
                0x000000000800df98      0x4a0 ./User/ModbusTask.o
                0x000000000800df98                ThreadModbusTask
 .text.ThreadReadRegistersTask
                0x000000000800e438       0xac ./User/ReadRegistersTask.o
                0x000000000800e438                ThreadReadRegistersTask
 .text.ThreadSecurityTask
                0x000000000800e4e4     0x1aac ./User/SecurityTask.o
                0x000000000800e4e4                ThreadSecurityTask
 .text.meter_rx_buffer_clear
                0x000000000800ff90       0x34 ./User/ce303.o
                0x000000000800ff90                meter_rx_buffer_clear
 .text.ce303_voltage
                0x000000000800ffc4     0x1498 ./User/ce303.o
                0x000000000800ffc4                ce303_voltage
 .text.ce303_current
                0x000000000801145c     0x1494 ./User/ce303.o
                0x000000000801145c                ce303_current
 .text.ce303_power
                0x00000000080128f0     0x1498 ./User/ce303.o
                0x00000000080128f0                ce303_power
 .text.ce303_tarif
                0x0000000008013d88     0x2478 ./User/ce303.o
                0x0000000008013d88                ce303_tarif
 .text.LED1_A2_ON
                0x0000000008016200       0x18 ./User/da04_11gwa.o
                0x0000000008016200                LED1_A2_ON
 .text.LED1_A2_OFF
                0x0000000008016218       0x18 ./User/da04_11gwa.o
                0x0000000008016218                LED1_A2_OFF
 .text.LED1_B2_ON
                0x0000000008016230       0x18 ./User/da04_11gwa.o
                0x0000000008016230                LED1_B2_ON
 .text.LED1_B2_OFF
                0x0000000008016248       0x18 ./User/da04_11gwa.o
                0x0000000008016248                LED1_B2_OFF
 .text.LED1_C2_ON
                0x0000000008016260       0x18 ./User/da04_11gwa.o
                0x0000000008016260                LED1_C2_ON
 .text.LED1_C2_OFF
                0x0000000008016278       0x18 ./User/da04_11gwa.o
                0x0000000008016278                LED1_C2_OFF
 .text.LED1_D2_ON
                0x0000000008016290       0x18 ./User/da04_11gwa.o
                0x0000000008016290                LED1_D2_ON
 .text.LED1_D2_OFF
                0x00000000080162a8       0x18 ./User/da04_11gwa.o
                0x00000000080162a8                LED1_D2_OFF
 .text.LED1_E2_ON
                0x00000000080162c0       0x18 ./User/da04_11gwa.o
                0x00000000080162c0                LED1_E2_ON
 .text.LED1_E2_OFF
                0x00000000080162d8       0x18 ./User/da04_11gwa.o
                0x00000000080162d8                LED1_E2_OFF
 .text.LED1_F2_ON
                0x00000000080162f0       0x18 ./User/da04_11gwa.o
                0x00000000080162f0                LED1_F2_ON
 .text.LED1_F2_OFF
                0x0000000008016308       0x18 ./User/da04_11gwa.o
                0x0000000008016308                LED1_F2_OFF
 .text.LED1_G2_ON
                0x0000000008016320       0x18 ./User/da04_11gwa.o
                0x0000000008016320                LED1_G2_ON
 .text.LED1_G2_OFF
                0x0000000008016338       0x18 ./User/da04_11gwa.o
                0x0000000008016338                LED1_G2_OFF
 .text.LED1_A1_ON
                0x0000000008016350       0x18 ./User/da04_11gwa.o
                0x0000000008016350                LED1_A1_ON
 .text.LED1_A1_OFF
                0x0000000008016368       0x18 ./User/da04_11gwa.o
                0x0000000008016368                LED1_A1_OFF
 .text.LED1_B1_ON
                0x0000000008016380       0x18 ./User/da04_11gwa.o
                0x0000000008016380                LED1_B1_ON
 .text.LED1_B1_OFF
                0x0000000008016398       0x18 ./User/da04_11gwa.o
                0x0000000008016398                LED1_B1_OFF
 .text.LED1_C1_ON
                0x00000000080163b0       0x18 ./User/da04_11gwa.o
                0x00000000080163b0                LED1_C1_ON
 .text.LED1_C1_OFF
                0x00000000080163c8       0x18 ./User/da04_11gwa.o
                0x00000000080163c8                LED1_C1_OFF
 .text.LED1_D1_ON
                0x00000000080163e0       0x18 ./User/da04_11gwa.o
                0x00000000080163e0                LED1_D1_ON
 .text.LED1_D1_OFF
                0x00000000080163f8       0x18 ./User/da04_11gwa.o
                0x00000000080163f8                LED1_D1_OFF
 .text.LED1_E1_ON
                0x0000000008016410       0x18 ./User/da04_11gwa.o
                0x0000000008016410                LED1_E1_ON
 .text.LED1_E1_OFF
                0x0000000008016428       0x18 ./User/da04_11gwa.o
                0x0000000008016428                LED1_E1_OFF
 .text.LED1_F1_ON
                0x0000000008016440       0x18 ./User/da04_11gwa.o
                0x0000000008016440                LED1_F1_ON
 .text.LED1_F1_OFF
                0x0000000008016458       0x18 ./User/da04_11gwa.o
                0x0000000008016458                LED1_F1_OFF
 .text.LED1_G1_ON
                0x0000000008016470       0x18 ./User/da04_11gwa.o
                0x0000000008016470                LED1_G1_ON
 .text.LED1_G1_OFF
                0x0000000008016488       0x18 ./User/da04_11gwa.o
                0x0000000008016488                LED1_G1_OFF
 .text.LED2_A2_ON
                0x00000000080164a0       0x18 ./User/da04_11gwa.o
                0x00000000080164a0                LED2_A2_ON
 .text.LED2_A2_OFF
                0x00000000080164b8       0x18 ./User/da04_11gwa.o
                0x00000000080164b8                LED2_A2_OFF
 .text.LED2_B2_ON
                0x00000000080164d0       0x18 ./User/da04_11gwa.o
                0x00000000080164d0                LED2_B2_ON
 .text.LED2_B2_OFF
                0x00000000080164e8       0x18 ./User/da04_11gwa.o
                0x00000000080164e8                LED2_B2_OFF
 .text.LED2_C2_ON
                0x0000000008016500       0x18 ./User/da04_11gwa.o
                0x0000000008016500                LED2_C2_ON
 .text.LED2_C2_OFF
                0x0000000008016518       0x18 ./User/da04_11gwa.o
                0x0000000008016518                LED2_C2_OFF
 .text.LED2_D2_ON
                0x0000000008016530       0x18 ./User/da04_11gwa.o
                0x0000000008016530                LED2_D2_ON
 .text.LED2_D2_OFF
                0x0000000008016548       0x18 ./User/da04_11gwa.o
                0x0000000008016548                LED2_D2_OFF
 .text.LED2_E2_ON
                0x0000000008016560       0x18 ./User/da04_11gwa.o
                0x0000000008016560                LED2_E2_ON
 .text.LED2_E2_OFF
                0x0000000008016578       0x18 ./User/da04_11gwa.o
                0x0000000008016578                LED2_E2_OFF
 .text.LED2_F2_ON
                0x0000000008016590       0x18 ./User/da04_11gwa.o
                0x0000000008016590                LED2_F2_ON
 .text.LED2_F2_OFF
                0x00000000080165a8       0x18 ./User/da04_11gwa.o
                0x00000000080165a8                LED2_F2_OFF
 .text.LED2_G2_ON
                0x00000000080165c0       0x18 ./User/da04_11gwa.o
                0x00000000080165c0                LED2_G2_ON
 .text.LED2_G2_OFF
                0x00000000080165d8       0x18 ./User/da04_11gwa.o
                0x00000000080165d8                LED2_G2_OFF
 .text.LED2_A1_ON
                0x00000000080165f0       0x18 ./User/da04_11gwa.o
                0x00000000080165f0                LED2_A1_ON
 .text.LED2_A1_OFF
                0x0000000008016608       0x18 ./User/da04_11gwa.o
                0x0000000008016608                LED2_A1_OFF
 .text.LED2_B1_ON
                0x0000000008016620       0x18 ./User/da04_11gwa.o
                0x0000000008016620                LED2_B1_ON
 .text.LED2_B1_OFF
                0x0000000008016638       0x18 ./User/da04_11gwa.o
                0x0000000008016638                LED2_B1_OFF
 .text.LED2_C1_ON
                0x0000000008016650       0x18 ./User/da04_11gwa.o
                0x0000000008016650                LED2_C1_ON
 .text.LED2_C1_OFF
                0x0000000008016668       0x18 ./User/da04_11gwa.o
                0x0000000008016668                LED2_C1_OFF
 .text.LED2_D1_ON
                0x0000000008016680       0x18 ./User/da04_11gwa.o
                0x0000000008016680                LED2_D1_ON
 .text.LED2_D1_OFF
                0x0000000008016698       0x18 ./User/da04_11gwa.o
                0x0000000008016698                LED2_D1_OFF
 .text.LED2_E1_ON
                0x00000000080166b0       0x18 ./User/da04_11gwa.o
                0x00000000080166b0                LED2_E1_ON
 .text.LED2_E1_OFF
                0x00000000080166c8       0x18 ./User/da04_11gwa.o
                0x00000000080166c8                LED2_E1_OFF
 .text.LED2_F1_ON
                0x00000000080166e0       0x18 ./User/da04_11gwa.o
                0x00000000080166e0                LED2_F1_ON
 .text.LED2_F1_OFF
                0x00000000080166f8       0x18 ./User/da04_11gwa.o
                0x00000000080166f8                LED2_F1_OFF
 .text.LED2_G1_ON
                0x0000000008016710       0x18 ./User/da04_11gwa.o
                0x0000000008016710                LED2_G1_ON
 .text.LED2_G1_OFF
                0x0000000008016728       0x18 ./User/da04_11gwa.o
                0x0000000008016728                LED2_G1_OFF
 .text.dig1_set_0
                0x0000000008016740       0x24 ./User/da04_11gwa.o
                0x0000000008016740                dig1_set_0
 .text.dig1_set_1
                0x0000000008016764       0x24 ./User/da04_11gwa.o
                0x0000000008016764                dig1_set_1
 .text.dig1_set_2
                0x0000000008016788       0x24 ./User/da04_11gwa.o
                0x0000000008016788                dig1_set_2
 .text.dig1_set_3
                0x00000000080167ac       0x24 ./User/da04_11gwa.o
                0x00000000080167ac                dig1_set_3
 .text.dig1_set_4
                0x00000000080167d0       0x24 ./User/da04_11gwa.o
                0x00000000080167d0                dig1_set_4
 .text.dig1_set_5
                0x00000000080167f4       0x24 ./User/da04_11gwa.o
                0x00000000080167f4                dig1_set_5
 .text.dig1_set_6
                0x0000000008016818       0x24 ./User/da04_11gwa.o
                0x0000000008016818                dig1_set_6
 .text.dig1_set_7
                0x000000000801683c       0x24 ./User/da04_11gwa.o
                0x000000000801683c                dig1_set_7
 .text.dig1_set_8
                0x0000000008016860       0x24 ./User/da04_11gwa.o
                0x0000000008016860                dig1_set_8
 .text.dig1_set_9
                0x0000000008016884       0x24 ./User/da04_11gwa.o
                0x0000000008016884                dig1_set_9
 .text.dig1_set_off
                0x00000000080168a8       0x24 ./User/da04_11gwa.o
                0x00000000080168a8                dig1_set_off
 .text.dig2_set_0
                0x00000000080168cc       0x24 ./User/da04_11gwa.o
                0x00000000080168cc                dig2_set_0
 .text.dig2_set_1
                0x00000000080168f0       0x24 ./User/da04_11gwa.o
                0x00000000080168f0                dig2_set_1
 .text.dig2_set_2
                0x0000000008016914       0x24 ./User/da04_11gwa.o
                0x0000000008016914                dig2_set_2
 .text.dig2_set_3
                0x0000000008016938       0x24 ./User/da04_11gwa.o
                0x0000000008016938                dig2_set_3
 .text.dig2_set_4
                0x000000000801695c       0x24 ./User/da04_11gwa.o
                0x000000000801695c                dig2_set_4
 .text.dig2_set_5
                0x0000000008016980       0x24 ./User/da04_11gwa.o
                0x0000000008016980                dig2_set_5
 .text.dig2_set_6
                0x00000000080169a4       0x24 ./User/da04_11gwa.o
                0x00000000080169a4                dig2_set_6
 .text.dig2_set_7
                0x00000000080169c8       0x24 ./User/da04_11gwa.o
                0x00000000080169c8                dig2_set_7
 .text.dig2_set_8
                0x00000000080169ec       0x24 ./User/da04_11gwa.o
                0x00000000080169ec                dig2_set_8
 .text.dig2_set_9
                0x0000000008016a10       0x24 ./User/da04_11gwa.o
                0x0000000008016a10                dig2_set_9
 .text.dig3_set_0
                0x0000000008016a34       0x24 ./User/da04_11gwa.o
                0x0000000008016a34                dig3_set_0
 .text.dig3_set_1
                0x0000000008016a58       0x24 ./User/da04_11gwa.o
                0x0000000008016a58                dig3_set_1
 .text.dig3_set_2
                0x0000000008016a7c       0x24 ./User/da04_11gwa.o
                0x0000000008016a7c                dig3_set_2
 .text.dig3_set_3
                0x0000000008016aa0       0x24 ./User/da04_11gwa.o
                0x0000000008016aa0                dig3_set_3
 .text.dig3_set_4
                0x0000000008016ac4       0x24 ./User/da04_11gwa.o
                0x0000000008016ac4                dig3_set_4
 .text.dig3_set_5
                0x0000000008016ae8       0x24 ./User/da04_11gwa.o
                0x0000000008016ae8                dig3_set_5
 .text.dig3_set_6
                0x0000000008016b0c       0x24 ./User/da04_11gwa.o
                0x0000000008016b0c                dig3_set_6
 .text.dig3_set_7
                0x0000000008016b30       0x24 ./User/da04_11gwa.o
                0x0000000008016b30                dig3_set_7
 .text.dig3_set_8
                0x0000000008016b54       0x24 ./User/da04_11gwa.o
                0x0000000008016b54                dig3_set_8
 .text.dig3_set_9
                0x0000000008016b78       0x24 ./User/da04_11gwa.o
                0x0000000008016b78                dig3_set_9
 .text.dig4_set_0
                0x0000000008016b9c       0x24 ./User/da04_11gwa.o
                0x0000000008016b9c                dig4_set_0
 .text.dig4_set_1
                0x0000000008016bc0       0x24 ./User/da04_11gwa.o
                0x0000000008016bc0                dig4_set_1
 .text.dig4_set_2
                0x0000000008016be4       0x24 ./User/da04_11gwa.o
                0x0000000008016be4                dig4_set_2
 .text.dig4_set_3
                0x0000000008016c08       0x24 ./User/da04_11gwa.o
                0x0000000008016c08                dig4_set_3
 .text.dig4_set_4
                0x0000000008016c2c       0x24 ./User/da04_11gwa.o
                0x0000000008016c2c                dig4_set_4
 .text.dig4_set_5
                0x0000000008016c50       0x24 ./User/da04_11gwa.o
                0x0000000008016c50                dig4_set_5
 .text.dig4_set_6
                0x0000000008016c74       0x24 ./User/da04_11gwa.o
                0x0000000008016c74                dig4_set_6
 .text.dig4_set_7
                0x0000000008016c98       0x24 ./User/da04_11gwa.o
                0x0000000008016c98                dig4_set_7
 .text.dig4_set_8
                0x0000000008016cbc       0x24 ./User/da04_11gwa.o
                0x0000000008016cbc                dig4_set_8
 .text.dig4_set_9
                0x0000000008016ce0       0x24 ./User/da04_11gwa.o
                0x0000000008016ce0                dig4_set_9
 .text.dig1_set_y
                0x0000000008016d04       0x24 ./User/da04_11gwa.o
                0x0000000008016d04                dig1_set_y
 .text.dig1_set_a
                0x0000000008016d28       0x24 ./User/da04_11gwa.o
                0x0000000008016d28                dig1_set_a
 .text.dig1_set_p
                0x0000000008016d4c       0x24 ./User/da04_11gwa.o
                0x0000000008016d4c                dig1_set_p
 .text.dig1_set_dash
                0x0000000008016d70       0x24 ./User/da04_11gwa.o
                0x0000000008016d70                dig1_set_dash
 .text.dig1_set_b
                0x0000000008016d94       0x24 ./User/da04_11gwa.o
                0x0000000008016d94                dig1_set_b
 .text.dig1_set
                0x0000000008016db8       0x88 ./User/da04_11gwa.o
                0x0000000008016db8                dig1_set
 .text.dig2_set
                0x0000000008016e40       0x88 ./User/da04_11gwa.o
                0x0000000008016e40                dig2_set
 .text.dig3_set
                0x0000000008016ec8       0x88 ./User/da04_11gwa.o
                0x0000000008016ec8                dig3_set
 .text.dig4_set
                0x0000000008016f50       0x88 ./User/da04_11gwa.o
                0x0000000008016f50                dig4_set
 .text.minute_display
                0x0000000008016fd8       0x44 ./User/da04_11gwa.o
                0x0000000008016fd8                minute_display
 .text.hour_display
                0x000000000801701c       0x44 ./User/da04_11gwa.o
                0x000000000801701c                hour_display
 .text.status_register_display
                0x0000000008017060      0x1c0 ./User/da04_11gwa.o
                0x0000000008017060                status_register_display
 .text.control_register_display
                0x0000000008017220      0x1c0 ./User/da04_11gwa.o
                0x0000000008017220                control_register_display
 .text.number_display
                0x00000000080173e0      0x1c0 ./User/da04_11gwa.o
                0x00000000080173e0                number_display
 .text.number_change_display
                0x00000000080175a0      0x1c0 ./User/da04_11gwa.o
                0x00000000080175a0                number_change_display
 .text.ibutton_a_register_display
                0x0000000008017760      0x1c0 ./User/da04_11gwa.o
                0x0000000008017760                ibutton_a_register_display
 .text.ibutton_b_register_display
                0x0000000008017920      0x1c0 ./User/da04_11gwa.o
                0x0000000008017920                ibutton_b_register_display
 .text.fm25v02_read
                0x0000000008017ae0       0x74 ./User/fm25v02.o
                0x0000000008017ae0                fm25v02_read
 .text.fm25v02_write
                0x0000000008017b54       0x98 ./User/fm25v02.o
                0x0000000008017b54                fm25v02_write
 .text.fm25v02_fast_write
                0x0000000008017bec       0x48 ./User/fm25v02.o
                0x0000000008017bec                fm25v02_fast_write
 .text.fm25v02_fast_read
                0x0000000008017c34       0x7c ./User/fm25v02.o
                0x0000000008017c34                fm25v02_fast_read
 .text.BUZ_ON   0x0000000008017cb0       0x18 ./User/gpio.o
                0x0000000008017cb0                BUZ_ON
 .text.BUZ_OFF  0x0000000008017cc8       0x18 ./User/gpio.o
                0x0000000008017cc8                BUZ_OFF
 .text.LED_OUT_ON
                0x0000000008017ce0       0x18 ./User/gpio.o
                0x0000000008017ce0                LED_OUT_ON
 .text.LED_OUT_OFF
                0x0000000008017cf8       0x18 ./User/gpio.o
                0x0000000008017cf8                LED_OUT_OFF
 .text.LED_OUT_TOGGLE
                0x0000000008017d10       0x18 ./User/gpio.o
                0x0000000008017d10                LED_OUT_TOGGLE
 .text.LED_VD3_TOGGLE
                0x0000000008017d28       0x18 ./User/gpio.o
                0x0000000008017d28                LED_VD3_TOGGLE
 .text.LED1_OFF
                0x0000000008017d40       0x18 ./User/gpio.o
                0x0000000008017d40                LED1_OFF
 .text.LED1_ON  0x0000000008017d58       0x18 ./User/gpio.o
                0x0000000008017d58                LED1_ON
 .text.LED2_OFF
                0x0000000008017d70       0x18 ./User/gpio.o
                0x0000000008017d70                LED2_OFF
 .text.LED2_ON  0x0000000008017d88       0x18 ./User/gpio.o
                0x0000000008017d88                LED2_ON
 .text.LED2_TOGGLE
                0x0000000008017da0       0x14 ./User/gpio.o
                0x0000000008017da0                LED2_TOGGLE
 .text.calc_crc
                0x0000000008017db4       0x78 ./User/ibutton.o
                0x0000000008017db4                calc_crc
 .text.ibutton_reset
                0x0000000008017e2c       0x58 ./User/ibutton.o
                0x0000000008017e2c                ibutton_reset
 .text.ibutton_read_rom
                0x0000000008017e84      0x354 ./User/ibutton.o
                0x0000000008017e84                ibutton_read_rom
 .text.ibutton_search_rom
                0x00000000080181d8       0xa4 ./User/ibutton.o
                0x00000000080181d8                ibutton_search_rom
 .text.find_str
                0x000000000801827c       0x68 ./User/m95.o
                0x000000000801827c                find_str
 .text.m95_power_on
                0x00000000080182e4       0x38 ./User/m95.o
                0x00000000080182e4                m95_power_on
 .text.m95_power_off
                0x000000000801831c       0x38 ./User/m95.o
                0x000000000801831c                m95_power_off
 .text.modem_rx_buffer_clear
                0x0000000008018354       0x34 ./User/m95.o
                0x0000000008018354                modem_rx_buffer_clear
 .text.ATE0     0x0000000008018388       0xac ./User/m95.o
                0x0000000008018388                ATE0
 .text.AT       0x0000000008018434       0xac ./User/m95.o
                0x0000000008018434                AT
 .text.AT_CSQ   0x00000000080184e0       0xfc ./User/m95.o
                0x00000000080184e0                AT_CSQ
 .text.AT_QCCID
                0x00000000080185dc      0x714 ./User/m95.o
                0x00000000080185dc                AT_QCCID
 .text.AT_COPS  0x0000000008018cf0       0xb8 ./User/m95.o
                0x0000000008018cf0                AT_COPS
 .text.AT_QIOPEN
                0x0000000008018da8      0x19c ./User/m95.o
                0x0000000008018da8                AT_QIOPEN
 .text.AT_QISEND
                0x0000000008018f44      0x128 ./User/m95.o
                0x0000000008018f44                AT_QISEND
 .text.AT_QIMUX
                0x000000000801906c       0xdc ./User/m95.o
                0x000000000801906c                AT_QIMUX
 .text.AT_QIREGAPP
                0x0000000008019148       0xf8 ./User/m95.o
                0x0000000008019148                AT_QIREGAPP
 .text.AT_QIACT
                0x0000000008019240       0xd4 ./User/m95.o
                0x0000000008019240                AT_QIACT
 .text.AT_QIDEACT
                0x0000000008019314       0xd4 ./User/m95.o
                0x0000000008019314                AT_QIDEACT
 .text.AT_QISTATE
                0x00000000080193e8      0x250 ./User/m95.o
                0x00000000080193e8                AT_QISTATE
 .text.request_to_server
                0x0000000008019638       0x38 ./User/m95.o
                0x0000000008019638                request_to_server
 .text.read_status_registers
                0x0000000008019670      0xc18 ./User/modbus.o
                0x0000000008019670                read_status_registers
 .text.read_control_registers
                0x000000000801a288      0x574 ./User/modbus.o
                0x000000000801a288                read_control_registers
 .text.read_bootloader_registers
                0x000000000801a7fc       0x5c ./User/modbus.o
                0x000000000801a7fc                read_bootloader_registers
 .text.read_ibutton_registers
                0x000000000801a858    0x12034 ./User/modbus.o
                0x000000000801a858                read_ibutton_registers
 .text.CRC16    0x000000000802c88c       0x64 ./User/modbus.o
                0x000000000802c88c                CRC16
 .text.__errno  0x000000000802c8f0        0xc c:/st/stm32cubeide_1.8.0/stm32cubeide/plugins/com.st.stm32cube.ide.mcu.externaltools.gnu-tools-for-stm32.9-2020-q2-update.win32_2.0.0.202105311346/tools/bin/../lib/gcc/arm-none-eabi/9.3.1/../../../../arm-none-eabi/lib/thumb/v7e-m+fp/hard\libc_nano.a(lib_a-errno.o)
                0x000000000802c8f0                __errno
 .text.std      0x000000000802c8fc       0x48 c:/st/stm32cubeide_1.8.0/stm32cubeide/plugins/com.st.stm32cube.ide.mcu.externaltools.gnu-tools-for-stm32.9-2020-q2-update.win32_2.0.0.202105311346/tools/bin/../lib/gcc/arm-none-eabi/9.3.1/../../../../arm-none-eabi/lib/thumb/v7e-m+fp/hard\libc_nano.a(lib_a-findfp.o)
 .text._cleanup_r
                0x000000000802c944        0xc c:/st/stm32cubeide_1.8.0/stm32cubeide/plugins/com.st.stm32cube.ide.mcu.externaltools.gnu-tools-for-stm32.9-2020-q2-update.win32_2.0.0.202105311346/tools/bin/../lib/gcc/arm-none-eabi/9.3.1/../../../../arm-none-eabi/lib/thumb/v7e-m+fp/hard\libc_nano.a(lib_a-findfp.o)
                0x000000000802c944                _cleanup_r
 .text.__sfmoreglue
                0x000000000802c950       0x2c c:/st/stm32cubeide_1.8.0/stm32cubeide/plugins/com.st.stm32cube.ide.mcu.externaltools.gnu-tools-for-stm32.9-2020-q2-update.win32_2.0.0.202105311346/tools/bin/../lib/gcc/arm-none-eabi/9.3.1/../../../../arm-none-eabi/lib/thumb/v7e-m+fp/hard\libc_nano.a(lib_a-findfp.o)
                0x000000000802c950                __sfmoreglue
 .text.__sfp_lock_acquire
                0x000000000802c97c        0xc c:/st/stm32cubeide_1.8.0/stm32cubeide/plugins/com.st.stm32cube.ide.mcu.externaltools.gnu-tools-for-stm32.9-2020-q2-update.win32_2.0.0.202105311346/tools/bin/../lib/gcc/arm-none-eabi/9.3.1/../../../../arm-none-eabi/lib/thumb/v7e-m+fp/hard\libc_nano.a(lib_a-findfp.o)
                0x000000000802c97c                __sfp_lock_acquire
 .text.__sfp_lock_release
                0x000000000802c988        0xc c:/st/stm32cubeide_1.8.0/stm32cubeide/plugins/com.st.stm32cube.ide.mcu.externaltools.gnu-tools-for-stm32.9-2020-q2-update.win32_2.0.0.202105311346/tools/bin/../lib/gcc/arm-none-eabi/9.3.1/../../../../arm-none-eabi/lib/thumb/v7e-m+fp/hard\libc_nano.a(lib_a-findfp.o)
                0x000000000802c988                __sfp_lock_release
 .text.__sinit_lock_acquire
                0x000000000802c994        0xc c:/st/stm32cubeide_1.8.0/stm32cubeide/plugins/com.st.stm32cube.ide.mcu.externaltools.gnu-tools-for-stm32.9-2020-q2-update.win32_2.0.0.202105311346/tools/bin/../lib/gcc/arm-none-eabi/9.3.1/../../../../arm-none-eabi/lib/thumb/v7e-m+fp/hard\libc_nano.a(lib_a-findfp.o)
                0x000000000802c994                __sinit_lock_acquire
 .text.__sinit_lock_release
                0x000000000802c9a0        0xc c:/st/stm32cubeide_1.8.0/stm32cubeide/plugins/com.st.stm32cube.ide.mcu.externaltools.gnu-tools-for-stm32.9-2020-q2-update.win32_2.0.0.202105311346/tools/bin/../lib/gcc/arm-none-eabi/9.3.1/../../../../arm-none-eabi/lib/thumb/v7e-m+fp/hard\libc_nano.a(lib_a-findfp.o)
                0x000000000802c9a0                __sinit_lock_release
 .text.__sinit  0x000000000802c9ac       0x70 c:/st/stm32cubeide_1.8.0/stm32cubeide/plugins/com.st.stm32cube.ide.mcu.externaltools.gnu-tools-for-stm32.9-2020-q2-update.win32_2.0.0.202105311346/tools/bin/../lib/gcc/arm-none-eabi/9.3.1/../../../../arm-none-eabi/lib/thumb/v7e-m+fp/hard\libc_nano.a(lib_a-findfp.o)
                0x000000000802c9ac                __sinit
 .text.__sfp    0x000000000802ca1c       0x8c c:/st/stm32cubeide_1.8.0/stm32cubeide/plugins/com.st.stm32cube.ide.mcu.externaltools.gnu-tools-for-stm32.9-2020-q2-update.win32_2.0.0.202105311346/tools/bin/../lib/gcc/arm-none-eabi/9.3.1/../../../../arm-none-eabi/lib/thumb/v7e-m+fp/hard\libc_nano.a(lib_a-findfp.o)
                0x000000000802ca1c                __sfp
 .text._fwalk_reent
                0x000000000802caa8       0x3e c:/st/stm32cubeide_1.8.0/stm32cubeide/plugins/com.st.stm32cube.ide.mcu.externaltools.gnu-tools-for-stm32.9-2020-q2-update.win32_2.0.0.202105311346/tools/bin/../lib/gcc/arm-none-eabi/9.3.1/../../../../arm-none-eabi/lib/thumb/v7e-m+fp/hard\libc_nano.a(lib_a-fwalk.o)
                0x000000000802caa8                _fwalk_reent
 *fill*         0x000000000802cae6        0x2 
 .text.__libc_init_array
                0x000000000802cae8       0x48 c:/st/stm32cubeide_1.8.0/stm32cubeide/plugins/com.st.stm32cube.ide.mcu.externaltools.gnu-tools-for-stm32.9-2020-q2-update.win32_2.0.0.202105311346/tools/bin/../lib/gcc/arm-none-eabi/9.3.1/../../../../arm-none-eabi/lib/thumb/v7e-m+fp/hard\libc_nano.a(lib_a-init.o)
                0x000000000802cae8                __libc_init_array
 .text.__retarget_lock_init_recursive
                0x000000000802cb30        0x2 c:/st/stm32cubeide_1.8.0/stm32cubeide/plugins/com.st.stm32cube.ide.mcu.externaltools.gnu-tools-for-stm32.9-2020-q2-update.win32_2.0.0.202105311346/tools/bin/../lib/gcc/arm-none-eabi/9.3.1/../../../../arm-none-eabi/lib/thumb/v7e-m+fp/hard\libc_nano.a(lib_a-lock.o)
                0x000000000802cb30                __retarget_lock_init_recursive
 .text.__retarget_lock_acquire_recursive
                0x000000000802cb32        0x2 c:/st/stm32cubeide_1.8.0/stm32cubeide/plugins/com.st.stm32cube.ide.mcu.externaltools.gnu-tools-for-stm32.9-2020-q2-update.win32_2.0.0.202105311346/tools/bin/../lib/gcc/arm-none-eabi/9.3.1/../../../../arm-none-eabi/lib/thumb/v7e-m+fp/hard\libc_nano.a(lib_a-lock.o)
                0x000000000802cb32                __retarget_lock_acquire_recursive
 .text.__retarget_lock_release_recursive
                0x000000000802cb34        0x2 c:/st/stm32cubeide_1.8.0/stm32cubeide/plugins/com.st.stm32cube.ide.mcu.externaltools.gnu-tools-for-stm32.9-2020-q2-update.win32_2.0.0.202105311346/tools/bin/../lib/gcc/arm-none-eabi/9.3.1/../../../../arm-none-eabi/lib/thumb/v7e-m+fp/hard\libc_nano.a(lib_a-lock.o)
                0x000000000802cb34                __retarget_lock_release_recursive
 .text.memcpy   0x000000000802cb36       0x1c c:/st/stm32cubeide_1.8.0/stm32cubeide/plugins/com.st.stm32cube.ide.mcu.externaltools.gnu-tools-for-stm32.9-2020-q2-update.win32_2.0.0.202105311346/tools/bin/../lib/gcc/arm-none-eabi/9.3.1/../../../../arm-none-eabi/lib/thumb/v7e-m+fp/hard\libc_nano.a(lib_a-memcpy-stub.o)
                0x000000000802cb36                memcpy
 .text.memset   0x000000000802cb52       0x10 c:/st/stm32cubeide_1.8.0/stm32cubeide/plugins/com.st.stm32cube.ide.mcu.externaltools.gnu-tools-for-stm32.9-2020-q2-update.win32_2.0.0.202105311346/tools/bin/../lib/gcc/arm-none-eabi/9.3.1/../../../../arm-none-eabi/lib/thumb/v7e-m+fp/hard\libc_nano.a(lib_a-memset.o)
                0x000000000802cb52                memset
 *fill*         0x000000000802cb62        0x2 
 .text._malloc_r
                0x000000000802cb64       0xb4 c:/st/stm32cubeide_1.8.0/stm32cubeide/plugins/com.st.stm32cube.ide.mcu.externaltools.gnu-tools-for-stm32.9-2020-q2-update.win32_2.0.0.202105311346/tools/bin/../lib/gcc/arm-none-eabi/9.3.1/../../../../arm-none-eabi/lib/thumb/v7e-m+fp/hard\libc_nano.a(lib_a-nano-mallocr.o)
                0x000000000802cb64                _malloc_r
 .text._puts_r  0x000000000802cc18       0xdc c:/st/stm32cubeide_1.8.0/stm32cubeide/plugins/com.st.stm32cube.ide.mcu.externaltools.gnu-tools-for-stm32.9-2020-q2-update.win32_2.0.0.202105311346/tools/bin/../lib/gcc/arm-none-eabi/9.3.1/../../../../arm-none-eabi/lib/thumb/v7e-m+fp/hard\libc_nano.a(lib_a-puts.o)
                0x000000000802cc18                _puts_r
 .text.puts     0x000000000802ccf4       0x10 c:/st/stm32cubeide_1.8.0/stm32cubeide/plugins/com.st.stm32cube.ide.mcu.externaltools.gnu-tools-for-stm32.9-2020-q2-update.win32_2.0.0.202105311346/tools/bin/../lib/gcc/arm-none-eabi/9.3.1/../../../../arm-none-eabi/lib/thumb/v7e-m+fp/hard\libc_nano.a(lib_a-puts.o)
                0x000000000802ccf4                puts
 .text.cleanup_glue
                0x000000000802cd04       0x1a c:/st/stm32cubeide_1.8.0/stm32cubeide/plugins/com.st.stm32cube.ide.mcu.externaltools.gnu-tools-for-stm32.9-2020-q2-update.win32_2.0.0.202105311346/tools/bin/../lib/gcc/arm-none-eabi/9.3.1/../../../../arm-none-eabi/lib/thumb/v7e-m+fp/hard\libc_nano.a(lib_a-reent.o)
                0x000000000802cd04                cleanup_glue
 *fill*         0x000000000802cd1e        0x2 
 .text._reclaim_reent
                0x000000000802cd20       0xb8 c:/st/stm32cubeide_1.8.0/stm32cubeide/plugins/com.st.stm32cube.ide.mcu.externaltools.gnu-tools-for-stm32.9-2020-q2-update.win32_2.0.0.202105311346/tools/bin/../lib/gcc/arm-none-eabi/9.3.1/../../../../arm-none-eabi/lib/thumb/v7e-m+fp/hard\libc_nano.a(lib_a-reent.o)
                0x000000000802cd20                _reclaim_reent
 .text._sbrk_r  0x000000000802cdd8       0x20 c:/st/stm32cubeide_1.8.0/stm32cubeide/plugins/com.st.stm32cube.ide.mcu.externaltools.gnu-tools-for-stm32.9-2020-q2-update.win32_2.0.0.202105311346/tools/bin/../lib/gcc/arm-none-eabi/9.3.1/../../../../arm-none-eabi/lib/thumb/v7e-m+fp/hard\libc_nano.a(lib_a-sbrkr.o)
                0x000000000802cdd8                _sbrk_r
 .text.sprintf  0x000000000802cdf8       0x40 c:/st/stm32cubeide_1.8.0/stm32cubeide/plugins/com.st.stm32cube.ide.mcu.externaltools.gnu-tools-for-stm32.9-2020-q2-update.win32_2.0.0.202105311346/tools/bin/../lib/gcc/arm-none-eabi/9.3.1/../../../../arm-none-eabi/lib/thumb/v7e-m+fp/hard\libc_nano.a(lib_a-sprintf.o)
                0x000000000802cdf8                siprintf
                0x000000000802cdf8                sprintf
 .text.__sread  0x000000000802ce38       0x22 c:/st/stm32cubeide_1.8.0/stm32cubeide/plugins/com.st.stm32cube.ide.mcu.externaltools.gnu-tools-for-stm32.9-2020-q2-update.win32_2.0.0.202105311346/tools/bin/../lib/gcc/arm-none-eabi/9.3.1/../../../../arm-none-eabi/lib/thumb/v7e-m+fp/hard\libc_nano.a(lib_a-stdio.o)
                0x000000000802ce38                __sread
 .text.__swrite
                0x000000000802ce5a       0x38 c:/st/stm32cubeide_1.8.0/stm32cubeide/plugins/com.st.stm32cube.ide.mcu.externaltools.gnu-tools-for-stm32.9-2020-q2-update.win32_2.0.0.202105311346/tools/bin/../lib/gcc/arm-none-eabi/9.3.1/../../../../arm-none-eabi/lib/thumb/v7e-m+fp/hard\libc_nano.a(lib_a-stdio.o)
                0x000000000802ce5a                __swrite
 .text.__sseek  0x000000000802ce92       0x24 c:/st/stm32cubeide_1.8.0/stm32cubeide/plugins/com.st.stm32cube.ide.mcu.externaltools.gnu-tools-for-stm32.9-2020-q2-update.win32_2.0.0.202105311346/tools/bin/../lib/gcc/arm-none-eabi/9.3.1/../../../../arm-none-eabi/lib/thumb/v7e-m+fp/hard\libc_nano.a(lib_a-stdio.o)
                0x000000000802ce92                __sseek
 .text.__sclose
                0x000000000802ceb6        0x8 c:/st/stm32cubeide_1.8.0/stm32cubeide/plugins/com.st.stm32cube.ide.mcu.externaltools.gnu-tools-for-stm32.9-2020-q2-update.win32_2.0.0.202105311346/tools/bin/../lib/gcc/arm-none-eabi/9.3.1/../../../../arm-none-eabi/lib/thumb/v7e-m+fp/hard\libc_nano.a(lib_a-stdio.o)
                0x000000000802ceb6                __sclose
 .text.strstr   0x000000000802cebe       0x2e c:/st/stm32cubeide_1.8.0/stm32cubeide/plugins/com.st.stm32cube.ide.mcu.externaltools.gnu-tools-for-stm32.9-2020-q2-update.win32_2.0.0.202105311346/tools/bin/../lib/gcc/arm-none-eabi/9.3.1/../../../../arm-none-eabi/lib/thumb/v7e-m+fp/hard\libc_nano.a(lib_a-strstr.o)
                0x000000000802cebe                strstr
 .text.__swbuf_r
                0x000000000802ceec       0xa4 c:/st/stm32cubeide_1.8.0/stm32cubeide/plugins/com.st.stm32cube.ide.mcu.externaltools.gnu-tools-for-stm32.9-2020-q2-update.win32_2.0.0.202105311346/tools/bin/../lib/gcc/arm-none-eabi/9.3.1/../../../../arm-none-eabi/lib/thumb/v7e-m+fp/hard\libc_nano.a(lib_a-wbuf.o)
                0x000000000802ceec                __swbuf_r
 .text._write_r
                0x000000000802cf90       0x24 c:/st/stm32cubeide_1.8.0/stm32cubeide/plugins/com.st.stm32cube.ide.mcu.externaltools.gnu-tools-for-stm32.9-2020-q2-update.win32_2.0.0.202105311346/tools/bin/../lib/gcc/arm-none-eabi/9.3.1/../../../../arm-none-eabi/lib/thumb/v7e-m+fp/hard\libc_nano.a(lib_a-writer.o)
                0x000000000802cf90                _write_r
 .text.__swsetup_r
                0x000000000802cfb4       0xdc c:/st/stm32cubeide_1.8.0/stm32cubeide/plugins/com.st.stm32cube.ide.mcu.externaltools.gnu-tools-for-stm32.9-2020-q2-update.win32_2.0.0.202105311346/tools/bin/../lib/gcc/arm-none-eabi/9.3.1/../../../../arm-none-eabi/lib/thumb/v7e-m+fp/hard\libc_nano.a(lib_a-wsetup.o)
                0x000000000802cfb4                __swsetup_r