core_cm4.h:1939:34:__NVIC_SystemReset	4	static,ignoring_inline_asm
main.c:198:6:HAL_UART_TxCpltCallback	16	static
main.c:216:6:HAL_UART_RxCpltCallback	16	static
main.c:249:5:main	512	static
main.c:420:6:SystemClock_Config	88	static
main.c:469:13:MX_IWDG_Init	4	static
main.c:497:13:MX_RTC_Init	32	static
main.c:560:13:MX_SPI2_Init	8	static
main.c:598:13:MX_TIM2_Init	32	static
main.c:643:13:MX_USART1_UART_Init	8	static
main.c:676:13:MX_USART3_UART_Init	8	static
main.c:709:13:MX_USART6_UART_Init	8	static
main.c:740:13:MX_DMA_Init	16	static
main.c:768:13:MX_GPIO_Init	64	static
main.c:941:6:Callback_AT_Timer	16	static
main.c:948:6:Callback_Ring_Center_Timer	16	static
main.c:963:6:StartDefaultTask	16	static
main.c:986:6:HAL_TIM_PeriodElapsedCallback	16	static
main.c:1357:6:Error_Handler	8	static
