da04_11gwa.c:5:6:LED1_A2_ON	8	static
da04_11gwa.c:10:6:LED1_A2_OFF	8	static
da04_11gwa.c:15:6:LED1_B2_ON	8	static
da04_11gwa.c:20:6:LED1_B2_OFF	8	static
da04_11gwa.c:25:6:LED1_C2_ON	8	static
da04_11gwa.c:30:6:LED1_C2_OFF	8	static
da04_11gwa.c:35:6:LED1_D2_ON	8	static
da04_11gwa.c:40:6:LED1_D2_OFF	8	static
da04_11gwa.c:45:6:LED1_E2_ON	8	static
da04_11gwa.c:50:6:LED1_E2_OFF	8	static
da04_11gwa.c:55:6:LED1_F2_ON	8	static
da04_11gwa.c:60:6:LED1_F2_OFF	8	static
da04_11gwa.c:65:6:LED1_G2_ON	8	static
da04_11gwa.c:70:6:LED1_G2_OFF	8	static
da04_11gwa.c:78:6:LED1_A1_ON	8	static
da04_11gwa.c:83:6:LED1_A1_OFF	8	static
da04_11gwa.c:88:6:LED1_B1_ON	8	static
da04_11gwa.c:93:6:LED1_B1_OFF	8	static
da04_11gwa.c:98:6:LED1_C1_ON	8	static
da04_11gwa.c:103:6:LED1_C1_OFF	8	static
da04_11gwa.c:108:6:LED1_D1_ON	8	static
da04_11gwa.c:113:6:LED1_D1_OFF	8	static
da04_11gwa.c:118:6:LED1_E1_ON	8	static
da04_11gwa.c:123:6:LED1_E1_OFF	8	static
da04_11gwa.c:128:6:LED1_F1_ON	8	static
da04_11gwa.c:133:6:LED1_F1_OFF	8	static
da04_11gwa.c:138:6:LED1_G1_ON	8	static
da04_11gwa.c:143:6:LED1_G1_OFF	8	static
da04_11gwa.c:150:6:LED2_A2_ON	8	static
da04_11gwa.c:155:6:LED2_A2_OFF	8	static
da04_11gwa.c:160:6:LED2_B2_ON	8	static
da04_11gwa.c:165:6:LED2_B2_OFF	8	static
da04_11gwa.c:170:6:LED2_C2_ON	8	static
da04_11gwa.c:175:6:LED2_C2_OFF	8	static
da04_11gwa.c:180:6:LED2_D2_ON	8	static
da04_11gwa.c:185:6:LED2_D2_OFF	8	static
da04_11gwa.c:190:6:LED2_E2_ON	8	static
da04_11gwa.c:195:6:LED2_E2_OFF	8	static
da04_11gwa.c:200:6:LED2_F2_ON	8	static
da04_11gwa.c:205:6:LED2_F2_OFF	8	static
da04_11gwa.c:210:6:LED2_G2_ON	8	static
da04_11gwa.c:215:6:LED2_G2_OFF	8	static
da04_11gwa.c:222:6:LED2_A1_ON	8	static
da04_11gwa.c:227:6:LED2_A1_OFF	8	static
da04_11gwa.c:232:6:LED2_B1_ON	8	static
da04_11gwa.c:237:6:LED2_B1_OFF	8	static
da04_11gwa.c:242:6:LED2_C1_ON	8	static
da04_11gwa.c:247:6:LED2_C1_OFF	8	static
da04_11gwa.c:252:6:LED2_D1_ON	8	static
da04_11gwa.c:257:6:LED2_D1_OFF	8	static
da04_11gwa.c:262:6:LED2_E1_ON	8	static
da04_11gwa.c:267:6:LED2_E1_OFF	8	static
da04_11gwa.c:272:6:LED2_F1_ON	8	static
da04_11gwa.c:277:6:LED2_F1_OFF	8	static
da04_11gwa.c:282:6:LED2_G1_ON	8	static
da04_11gwa.c:287:6:LED2_G1_OFF	8	static
da04_11gwa.c:295:6:dig1_set_0	8	static
da04_11gwa.c:306:6:dig1_set_1	8	static
da04_11gwa.c:317:6:dig1_set_2	8	static
da04_11gwa.c:328:6:dig1_set_3	8	static
da04_11gwa.c:339:6:dig1_set_4	8	static
da04_11gwa.c:350:6:dig1_set_5	8	static
da04_11gwa.c:361:6:dig1_set_6	8	static
da04_11gwa.c:372:6:dig1_set_7	8	static
da04_11gwa.c:383:6:dig1_set_8	8	static
da04_11gwa.c:394:6:dig1_set_9	8	static
da04_11gwa.c:405:6:dig1_set_off	8	static
da04_11gwa.c:420:6:dig2_set_0	8	static
da04_11gwa.c:431:6:dig2_set_1	8	static
da04_11gwa.c:442:6:dig2_set_2	8	static
da04_11gwa.c:453:6:dig2_set_3	8	static
da04_11gwa.c:464:6:dig2_set_4	8	static
da04_11gwa.c:475:6:dig2_set_5	8	static
da04_11gwa.c:486:6:dig2_set_6	8	static
da04_11gwa.c:497:6:dig2_set_7	8	static
da04_11gwa.c:508:6:dig2_set_8	8	static
da04_11gwa.c:519:6:dig2_set_9	8	static
da04_11gwa.c:530:6:dig2_set_off	8	static
da04_11gwa.c:543:6:dig3_set_0	8	static
da04_11gwa.c:554:6:dig3_set_1	8	static
da04_11gwa.c:565:6:dig3_set_2	8	static
da04_11gwa.c:576:6:dig3_set_3	8	static
da04_11gwa.c:587:6:dig3_set_4	8	static
da04_11gwa.c:598:6:dig3_set_5	8	static
da04_11gwa.c:609:6:dig3_set_6	8	static
da04_11gwa.c:620:6:dig3_set_7	8	static
da04_11gwa.c:631:6:dig3_set_8	8	static
da04_11gwa.c:642:6:dig3_set_9	8	static
da04_11gwa.c:653:6:dig3_set_off	8	static
da04_11gwa.c:666:6:dig4_set_0	8	static
da04_11gwa.c:677:6:dig4_set_1	8	static
da04_11gwa.c:688:6:dig4_set_2	8	static
da04_11gwa.c:699:6:dig4_set_3	8	static
da04_11gwa.c:710:6:dig4_set_4	8	static
da04_11gwa.c:721:6:dig4_set_5	8	static
da04_11gwa.c:732:6:dig4_set_6	8	static
da04_11gwa.c:743:6:dig4_set_7	8	static
da04_11gwa.c:754:6:dig4_set_8	8	static
da04_11gwa.c:765:6:dig4_set_9	8	static
da04_11gwa.c:776:6:dig4_set_off	8	static
da04_11gwa.c:788:6:dig1_set_c	8	static
da04_11gwa.c:799:6:dig1_set_y	8	static
da04_11gwa.c:810:6:dig1_set_a	8	static
da04_11gwa.c:821:6:dig1_set_p	8	static
da04_11gwa.c:832:6:dig1_set_dash	8	static
da04_11gwa.c:843:6:dig1_set_b	8	static
da04_11gwa.c:856:6:dig1_set	16	static
da04_11gwa.c:900:6:dig2_set	16	static
da04_11gwa.c:944:6:dig3_set	16	static
da04_11gwa.c:988:6:dig4_set	16	static
da04_11gwa.c:1033:6:minute_display	16	static
da04_11gwa.c:1039:6:hour_display	16	static
da04_11gwa.c:1045:6:status_register_display	16	static
da04_11gwa.c:1244:6:control_register_display	16	static
da04_11gwa.c:1443:6:number_display	16	static
da04_11gwa.c:1640:6:number_change_display	16	static
da04_11gwa.c:1837:6:ibutton_a_register_display	16	static
da04_11gwa.c:2036:6:ibutton_b_register_display	16	static
