m95.c:23:9:find_str	32	static
m95.c:46:6:m95_power_on	8	static
m95.c:55:6:m95_power_off	8	static
m95.c:66:6:modem_rx_buffer_clear	16	static
m95.c:74:9:ATE0	16	static
m95.c:104:9:AT	16	static
m95.c:131:9:AT_CSQ	24	static
m95.c:181:9:AT_QCCID	216	static
m95.c:237:9:AT_COPS	24	static
m95.c:272:9:AT_QIOPEN	104	static
m95.c:329:9:AT_QICLOSE	24	static
m95.c:356:9:AT_QISEND	40	static
m95.c:434:9:AT_QIFGCNT	32	static
m95.c:468:9:AT_QIMUX	32	static
m95.c:502:9:AT_QIMODE	32	static
m95.c:536:9:AT_QIREGAPP	136	static
m95.c:574:9:AT_QIACT	24	static
m95.c:608:9:AT_QIDEACT	24	static
m95.c:642:9:AT_QISTATE	24	static
m95.c:736:9:AT_QISTAT	24	static
m95.c:764:9:AT_QIHEAD	32	static
m95.c:798:9:AT_QISHOWPT	32	static
m95.c:832:9:AT_QPOWD	32	static
m95.c:873:9:request_to_server	16	static
